Archive member included to satisfy reference by file (symbol)

/usr/lib/gcc/arm-none-eabi/9.2.1/../../../arm-none-eabi/lib/thumb/v7e-m+fp/hard/libm.a(lib_a-sf_cos.o)
                              build/estimation/quaternion.o (cosf)
/usr/lib/gcc/arm-none-eabi/9.2.1/../../../arm-none-eabi/lib/thumb/v7e-m+fp/hard/libm.a(lib_a-sf_fabs.o)
                              build/sensors/icm42605.o (fabsf)
/usr/lib/gcc/arm-none-eabi/9.2.1/../../../arm-none-eabi/lib/thumb/v7e-m+fp/hard/libm.a(lib_a-sf_sin.o)
                              build/estimation/quaternion.o (sinf)
/usr/lib/gcc/arm-none-eabi/9.2.1/../../../arm-none-eabi/lib/thumb/v7e-m+fp/hard/libm.a(lib_a-wf_asin.o)
                              build/estimation/imu.o (asinf)
/usr/lib/gcc/arm-none-eabi/9.2.1/../../../arm-none-eabi/lib/thumb/v7e-m+fp/hard/libm.a(lib_a-wf_atan2.o)
                              build/estimation/imu.o (atan2f)
/usr/lib/gcc/arm-none-eabi/9.2.1/../../../arm-none-eabi/lib/thumb/v7e-m+fp/hard/libm.a(lib_a-wf_pow.o)
                              build/estimation/altitude.o (powf)
/usr/lib/gcc/arm-none-eabi/9.2.1/../../../arm-none-eabi/lib/thumb/v7e-m+fp/hard/libm.a(lib_a-wf_sqrt.o)
                              build/estimation/imu.o (sqrtf)
/usr/lib/gcc/arm-none-eabi/9.2.1/../../../arm-none-eabi/lib/thumb/v7e-m+fp/hard/libm.a(lib_a-ef_asin.o)
                              /usr/lib/gcc/arm-none-eabi/9.2.1/../../../arm-none-eabi/lib/thumb/v7e-m+fp/hard/libm.a(lib_a-wf_asin.o) (__ieee754_asinf)
/usr/lib/gcc/arm-none-eabi/9.2.1/../../../arm-none-eabi/lib/thumb/v7e-m+fp/hard/libm.a(lib_a-ef_atan2.o)
                              /usr/lib/gcc/arm-none-eabi/9.2.1/../../../arm-none-eabi/lib/thumb/v7e-m+fp/hard/libm.a(lib_a-wf_atan2.o) (__ieee754_atan2f)
/usr/lib/gcc/arm-none-eabi/9.2.1/../../../arm-none-eabi/lib/thumb/v7e-m+fp/hard/libm.a(lib_a-ef_pow.o)
                              /usr/lib/gcc/arm-none-eabi/9.2.1/../../../arm-none-eabi/lib/thumb/v7e-m+fp/hard/libm.a(lib_a-wf_pow.o) (__ieee754_powf)
/usr/lib/gcc/arm-none-eabi/9.2.1/../../../arm-none-eabi/lib/thumb/v7e-m+fp/hard/libm.a(lib_a-ef_rem_pio2.o)
                              /usr/lib/gcc/arm-none-eabi/9.2.1/../../../arm-none-eabi/lib/thumb/v7e-m+fp/hard/libm.a(lib_a-sf_cos.o) (__ieee754_rem_pio2f)
/usr/lib/gcc/arm-none-eabi/9.2.1/../../../arm-none-eabi/lib/thumb/v7e-m+fp/hard/libm.a(lib_a-ef_sqrt.o)
                              /usr/lib/gcc/arm-none-eabi/9.2.1/../../../arm-none-eabi/lib/thumb/v7e-m+fp/hard/libm.a(lib_a-wf_sqrt.o) (__ieee754_sqrtf)
/usr/lib/gcc/arm-none-eabi/9.2.1/../../../arm-none-eabi/lib/thumb/v7e-m+fp/hard/libm.a(lib_a-kf_cos.o)
                              /usr/lib/gcc/arm-none-eabi/9.2.1/../../../arm-none-eabi/lib/thumb/v7e-m+fp/hard/libm.a(lib_a-sf_cos.o) (__kernel_cosf)
/usr/lib/gcc/arm-none-eabi/9.2.1/../../../arm-none-eabi/lib/thumb/v7e-m+fp/hard/libm.a(lib_a-kf_rem_pio2.o)
                              /usr/lib/gcc/arm-none-eabi/9.2.1/../../../arm-none-eabi/lib/thumb/v7e-m+fp/hard/libm.a(lib_a-ef_rem_pio2.o) (__kernel_rem_pio2f)
/usr/lib/gcc/arm-none-eabi/9.2.1/../../../arm-none-eabi/lib/thumb/v7e-m+fp/hard/libm.a(lib_a-kf_sin.o)
                              /usr/lib/gcc/arm-none-eabi/9.2.1/../../../arm-none-eabi/lib/thumb/v7e-m+fp/hard/libm.a(lib_a-sf_cos.o) (__kernel_sinf)
/usr/lib/gcc/arm-none-eabi/9.2.1/../../../arm-none-eabi/lib/thumb/v7e-m+fp/hard/libm.a(lib_a-s_lib_ver.o)
                              /usr/lib/gcc/arm-none-eabi/9.2.1/../../../arm-none-eabi/lib/thumb/v7e-m+fp/hard/libm.a(lib_a-wf_asin.o) (__fdlib_version)
/usr/lib/gcc/arm-none-eabi/9.2.1/../../../arm-none-eabi/lib/thumb/v7e-m+fp/hard/libm.a(lib_a-sf_atan.o)
                              /usr/lib/gcc/arm-none-eabi/9.2.1/../../../arm-none-eabi/lib/thumb/v7e-m+fp/hard/libm.a(lib_a-ef_atan2.o) (atanf)
/usr/lib/gcc/arm-none-eabi/9.2.1/../../../arm-none-eabi/lib/thumb/v7e-m+fp/hard/libm.a(lib_a-sf_finite.o)
                              /usr/lib/gcc/arm-none-eabi/9.2.1/../../../arm-none-eabi/lib/thumb/v7e-m+fp/hard/libm.a(lib_a-wf_pow.o) (finitef)
/usr/lib/gcc/arm-none-eabi/9.2.1/../../../arm-none-eabi/lib/thumb/v7e-m+fp/hard/libm.a(lib_a-sf_floor.o)
                              /usr/lib/gcc/arm-none-eabi/9.2.1/../../../arm-none-eabi/lib/thumb/v7e-m+fp/hard/libm.a(lib_a-kf_rem_pio2.o) (floorf)
/usr/lib/gcc/arm-none-eabi/9.2.1/../../../arm-none-eabi/lib/thumb/v7e-m+fp/hard/libm.a(lib_a-sf_nan.o)
                              /usr/lib/gcc/arm-none-eabi/9.2.1/../../../arm-none-eabi/lib/thumb/v7e-m+fp/hard/libm.a(lib_a-wf_asin.o) (nanf)
/usr/lib/gcc/arm-none-eabi/9.2.1/../../../arm-none-eabi/lib/thumb/v7e-m+fp/hard/libm.a(lib_a-sf_rint.o)
                              /usr/lib/gcc/arm-none-eabi/9.2.1/../../../arm-none-eabi/lib/thumb/v7e-m+fp/hard/libm.a(lib_a-wf_pow.o) (rintf)
/usr/lib/gcc/arm-none-eabi/9.2.1/../../../arm-none-eabi/lib/thumb/v7e-m+fp/hard/libm.a(lib_a-sf_scalbn.o)
[...]
Memory Configuration

Name             Origin             Length             Attributes
FLASH            0x0000000008000000 0x0000000000100000 xr
RAM              0x0000000020000000 0x0000000000020000 xrw
*default*        0x0000000000000000 0xffffffffffffffff

Linker script and memory map

LOAD build/main.o
LOAD build/sensors/icm42605.o
LOAD build/sensors/hc05.o
LOAD build/sensors/spl06.o
LOAD build/drivers/spi.o
LOAD build/drivers/uart5.o
LOAD build/drivers/I2C.o
LOAD build/drivers/timer.o
LOAD build/drivers/flash_storage.o
LOAD build/syscalls.o
LOAD build/estimation/imu.o
LOAD build/estimation/filter.o
LOAD build/estimation/attitude.o
LOAD build/estimation/quaternion.o
LOAD build/estimation/altitude.o
LOAD build/startup.o
LOAD /usr/lib/gcc/arm-none-eabi/9.2.1/../../../arm-none-eabi/lib/thumb/v7e-m+fp/hard/libm.a
LOAD /usr/lib/gcc/arm-none-eabi/9.2.1/thumb/v7e-m+fp/hard/libgcc.a
LOAD /usr/lib/gcc/arm-none-eabi/9.2.1/../../../arm-none-eabi/lib/thumb/v7e-m+fp/hard/libc.a
START GROUP
LOAD /usr/lib/gcc/arm-none-eabi/9.2.1/thumb/v7e-m+fp/hard/libgcc.a
LOAD /usr/lib/gcc/arm-none-eabi/9.2.1/../../../arm-none-eabi/lib/thumb/v7e-m+fp/hard/libc.a
END GROUP
                0x0000000000001000                _stack_size = 0x1000
                0x0000000020020000                _stack_top = (ORIGIN (RAM) + LENGTH (RAM))

.vectors        0x0000000008000000      0x188
                0x0000000008000000                . = ALIGN (0x4)
 *(.vectors)
 .vectors       0x0000000008000000      0x188 build/startup.o
                0x0000000008000188                . = ALIGN (0x4)

.text           0x00000000080001c0     0xc6c0
                0x00000000080001c0                . = ALIGN (0x4)
 *(.text)
 .text          0x00000000080001c0       0x7c build/startup.o
                0x00000000080001c0                reset_handler
                0x00000000080001fe                nmi_handler
                0x0000000008000206                memmanage_handler
                0x000000000800020a                busfault_handler
                0x000000000800020e                usagefault_handler
                0x0000000008000212                svc_handler
                0x0000000008000216                debugmon_handler
                0x000000000800021a                pendsv_handler
 .text          0x000000000800023c       0x90 /usr/lib/gcc/arm-none-eabi/9.2.1/../../../arm-none-eabi/lib/thumb/v7e-m+fp/hard/libm.a(lib_a-sf_cos.o)
                0x000000000800023c                cosf
 .text          0x00000000080002cc       0x10 /usr/lib/gcc/arm-none-eabi/9.2.1/../../../arm-none-eabi/lib/thumb/v7e-m+fp/hard/libm.a(lib_a-sf_fabs.o)
                0x00000000080002cc                fabsf
 .text          0x00000000080002dc       0x94 /usr/lib/gcc/arm-none-eabi/9.2.1/../../../arm-none-eabi/lib/thumb/v7e-m+fp/hard/libm.a(lib_a-sf_sin.o)
                0x00000000080002dc                sinf
 .text          0x0000000008000370       0x64 /usr/lib/gcc/arm-none-eabi/9.2.1/../../../arm-none-eabi/lib/thumb/v7e-m+fp/hard/libm.a(lib_a-wf_asin.o)
                0x0000000008000370                asinf
 .text          0x00000000080003d4        0x4 /usr/lib/gcc/arm-none-eabi/9.2.1/../../../arm-none-eabi/lib/thumb/v7e-m+fp/hard/libm.a(lib_a-wf_atan2.o)
                0x00000000080003d4                atan2f
 .text          0x00000000080003d8      0x140 /usr/lib/gcc/arm-none-eabi/9.2.1/../../../arm-none-eabi/lib/thumb/v7e-m+fp/hard/libm.a(lib_a-wf_pow.o)
                0x00000000080003d8                powf
 .text          0x0000000008000518       0x50 /usr/lib/gcc/arm-none-eabi/9.2.1/../../../arm-none-eabi/lib/thumb/v7e-m+fp/hard/libm.a(lib_a-wf_sqrt.o)
                0x0000000008000518                sqrtf
 .text          0x0000000008000568      0x1f8 /usr/lib/gcc/arm-none-eabi/9.2.1/../../../arm-none-eabi/lib/thumb/v7e-m+fp/hard/libm.a(lib_a-ef_asin.o)
                0x0000000008000568                __ieee754_asinf
 .text          0x0000000008000760      0x17c /usr/lib/gcc/arm-none-eabi/9.2.1/../../../arm-none-eabi/lib/thumb/v7e-m+fp/hard/libm.a(lib_a-ef_atan2.o)
                0x0000000008000760                __ieee754_atan2f
 .text          0x00000000080008dc      0x614 /usr/lib/gcc/arm-none-eabi/9.2.1/../../../arm-none-eabi/lib/thumb/v7e-m+fp/hard/libm.a(lib_a-ef_pow.o)
                0x00000000080008dc                __ieee754_powf
 .text          0x0000000008000ef0      0x298 /usr/lib/gcc/arm-none-eabi/9.2.1/../../../arm-none-eabi/lib/thumb/v7e-m+fp/hard/libm.a(lib_a-ef_rem_pio2.o)
                0x0000000008000ef0                __ieee754_rem_pio2f
 .text          0x0000000008001188        0x8 /usr/lib/gcc/arm-none-eabi/9.2.1/../../../arm-none-eabi/lib/thumb/v7e-m+fp/hard/libm.a(lib_a-ef_sqrt.o)
                0x0000000008001188                __ieee754_sqrtf
 .text          0x0000000008001190      0x104 /usr/lib/gcc/arm-none-eabi/9.2.1/../../../arm-none-eabi/lib/thumb/v7e-m+fp/hard/libm.a(lib_a-kf_cos.o)
                0x0000000008001190                __kernel_cosf
 .text          0x0000000008001294      0x664 /usr/lib/gcc/arm-none-eabi/9.2.1/../../../arm-none-eabi/lib/thumb/v7e-m+fp/hard/libm.a(lib_a-kf_rem_pio2.o)
                0x0000000008001294                __kernel_rem_pio2f
 .text          0x00000000080018f8       0x90 /usr/lib/gcc/arm-none-eabi/9.2.1/../../../arm-none-eabi/lib/thumb/v7e-m+fp/hard/libm.a(lib_a-kf_sin.o)
                0x00000000080018f8                __kernel_sinf
 .text          0x0000000008001988      0x19c /usr/lib/gcc/arm-none-eabi/9.2.1/../../../arm-none-eabi/lib/thumb/v7e-m+fp/hard/libm.a(lib_a-sf_atan.o)
                0x0000000008001988                atanf
 .text          0x0000000008001b24       0x14 /usr/lib/gcc/arm-none-eabi/9.2.1/../../../arm-none-eabi/lib/thumb/v7e-m+fp/hard/libm.a(lib_a-sf_finite.o)
                0x0000000008001b24                finitef
 .text          0x0000000008001b38       0x88 /usr/lib/gcc/arm-none-eabi/9.2.1/../../../arm-none-eabi/lib/thumb/v7e-m+fp/hard/libm.a(lib_a-sf_floor.o)
                0x0000000008001b38                floorf
 .text          0x0000000008001bc0        0xc /usr/lib/gcc/arm-none-eabi/9.2.1/../../../arm-none-eabi/lib/thumb/v7e-m+fp/hard/libm.a(lib_a-sf_nan.o)
                0x0000000008001bc0                nanf
 .text          0x0000000008001bcc       0xb8 /usr/lib/gcc/arm-none-eabi/9.2.1/../../../arm-none-eabi/lib/thumb/v7e-m+fp/hard/libm.a(lib_a-sf_rint.o)
                0x0000000008001bcc                rintf
 .text          0x0000000008001c84       0xe4 /usr/lib/gcc/arm-none-eabi/9.2.1/../../../arm-none-eabi/lib/thumb/v7e-m+fp/hard/libm.a(lib_a-sf_scalbn.o)
                0x0000000008001c84                scalbnf
 .text          0x0000000008001d68      0x378 /usr/lib/gcc/arm-none-eabi/9.2.1/thumb/v7e-m+fp/hard/libgcc.a(_arm_addsubdf3.o)
                0x0000000008001d68                __aeabi_drsub
                0x0000000008001d70                __aeabi_dsub
                0x0000000008001d70                __subdf3
                0x0000000008001d74                __adddf3
                0x0000000008001d74                __aeabi_dadd
                0x0000000008001fec                __aeabi_ui2d
                0x0000000008001fec                __floatunsidf
                0x000000000800200c                __floatsidf
                0x000000000800200c                __aeabi_i2d
                0x0000000008002030                __extendsfdf2
                0x0000000008002030                __aeabi_f2d
                0x0000000008002074                __aeabi_ul2d
                0x0000000008002074                __floatundidf
                0x0000000008002084                __floatdidf
                0x0000000008002084                __aeabi_l2d
 .text          0x00000000080020e0      0x424 /usr/lib/gcc/arm-none-eabi/9.2.1/thumb/v7e-m+fp/hard/libgcc.a(_arm_muldivdf3.o)
                0x00000000080020e0                __aeabi_dmul
                0x00000000080020e0                __muldf3
                0x0000000008002334                __aeabi_ddiv
                0x0000000008002334                __divdf3
 .text          0x0000000008002504       0xa0 /usr/lib/gcc/arm-none-eabi/9.2.1/thumb/v7e-m+fp/hard/libgcc.a(_arm_truncdfsf2.o)
                0x0000000008002504                __aeabi_d2f
                0x0000000008002504                __truncdfsf2
 .text          0x00000000080025a4        0xc /usr/lib/gcc/arm-none-eabi/9.2.1/../../../arm-none-eabi/lib/thumb/v7e-m+fp/hard/libc.a(lib_a-errno.o)
                0x00000000080025a4                __errno
 .text          0x00000000080025b0      0x134 /usr/lib/gcc/arm-none-eabi/9.2.1/../../../arm-none-eabi/lib/thumb/v7e-m+fp/hard/libc.a(lib_a-memcpy.o)
                0x00000000080025b0                memcpy
 .text          0x00000000080026e4       0xa0 /usr/lib/gcc/arm-none-eabi/9.2.1/../../../arm-none-eabi/lib/thumb/v7e-m+fp/hard/libc.a(lib_a-memset.o)
                0x00000000080026e4                memset
 *fill*         0x0000000008002784       0x1c 
 .text          0x00000000080027a0      0x2dc /usr/lib/gcc/arm-none-eabi/9.2.1/../../../arm-none-eabi/lib/thumb/v7e-m+fp/hard/libc.a(lib_a-strcmp.o)
                0x00000000080027a8                strcmp
 .text          0x0000000008002a7c       0x88 /usr/lib/gcc/arm-none-eabi/9.2.1/../../../arm-none-eabi/lib/thumb/v7e-m+fp/hard/libc.a(lib_a-vsnprintf.o)
                0x0000000008002a7c                _vsnprintf_r
                0x0000000008002ae8                vsnprintf
 *fill*         0x0000000008002b04        0x4 
 .text          0x0000000008002b08     0x1498 /usr/lib/gcc/arm-none-eabi/9.2.1/../../../arm-none-eabi/lib/thumb/v7e-m+fp/hard/libc.a(lib_a-svfprintf.o)
                0x0000000008002b08                _svfprintf_r
 .text          0x0000000008003fa0      0xfc0 /usr/lib/gcc/arm-none-eabi/9.2.1/../../../arm-none-eabi/lib/thumb/v7e-m+fp/hard/libc.a(lib_a-dtoa.o)
                0x00000000080040c4                _dtoa_r
 .text          0x0000000008004f60       0x14 /usr/lib/gcc/arm-none-eabi/9.2.1/../../../arm-none-eabi/lib/thumb/v7e-m+fp/hard/libc.a(lib_a-localeconv.o)
                0x0000000008004f60                __localeconv_l
                0x0000000008004f64                _localeconv_r
                0x0000000008004f6c                localeconv
 .text          0x0000000008004f74      0x564 /usr/lib/gcc/arm-none-eabi/9.2.1/../../../arm-none-eabi/lib/thumb/v7e-m+fp/hard/libc.a(lib_a-mallocr.o)
                0x0000000008004f74                _malloc_r
 *fill*         0x00000000080054d8        0x8 
 .text          0x00000000080054e0       0xa0 /usr/lib/gcc/arm-none-eabi/9.2.1/../../../arm-none-eabi/lib/thumb/v7e-m+fp/hard/libc.a(lib_a-memchr.o)
                0x00000000080054e0                memchr
 .text          0x0000000008005580        0x8 /usr/lib/gcc/arm-none-eabi/9.2.1/../../../arm-none-eabi/lib/thumb/v7e-m+fp/hard/libc.a(lib_a-mlock.o)
                0x0000000008005580                __malloc_lock
                0x0000000008005584                __malloc_unlock
 .text          0x0000000008005588      0x9a8 /usr/lib/gcc/arm-none-eabi/9.2.1/../../../arm-none-eabi/lib/thumb/v7e-m+fp/hard/libc.a(lib_a-mprec.o)
                0x0000000008005588                _Balloc
                0x00000000080055d4                _Bfree
                0x00000000080055e8                __multadd
                0x000000000800568c                __s2b
                0x0000000008005738                __hi0bits
                0x0000000008005778                __lo0bits
                0x00000000080057d8                __i2b
                0x0000000008005804                __multiply
                0x0000000008005950                __pow5mult
                0x00000000080059e8                __lshift
                0x0000000008005ab4                __mcmp
                0x0000000008005aec                __mdiff
                0x0000000008005c14                __ulp
                0x0000000008005c64                __b2d
                0x0000000008005d1c                __d2b
                0x0000000008005df0                __ratio
                0x0000000008005e50                _mprec_log10
                0x0000000008005e90                __copybits
                0x0000000008005ed8                __any_on
 .text          0x0000000008005f30       0x24 /usr/lib/gcc/arm-none-eabi/9.2.1/../../../arm-none-eabi/lib/thumb/v7e-m+fp/hard/libc.a(lib_a-sbrkr.o)
                0x0000000008005f30                _sbrk_r
 *fill*         0x0000000008005f54       0x2c 
 .text          0x0000000008005f80       0xdc /usr/lib/gcc/arm-none-eabi/9.2.1/../../../arm-none-eabi/lib/thumb/v7e-m+fp/hard/libc.a(lib_a-strlen.o)
                0x0000000008005f80                strlen
 .text          0x000000000800605c      0xb64 /usr/lib/gcc/arm-none-eabi/9.2.1/../../../arm-none-eabi/lib/thumb/v7e-m+fp/hard/libc.a(lib_a-svfiprintf.o)
                0x000000000800605c                __ssprint_r
                0x0000000008006154                _svfiprintf_r
 .text          0x0000000008006bc0       0x48 /usr/lib/gcc/arm-none-eabi/9.2.1/../../../arm-none-eabi/lib/thumb/v7e-m+fp/hard/libc.a(lib_a-assert.o)
                0x0000000008006bc0                __assert_func
                0x0000000008006bfc                __assert
 .text          0x0000000008006c08       0x60 /usr/lib/gcc/arm-none-eabi/9.2.1/../../../arm-none-eabi/lib/thumb/v7e-m+fp/hard/libc.a(lib_a-callocr.o)
                0x0000000008006c08                _calloc_r
 .text          0x0000000008006c68       0x44 /usr/lib/gcc/arm-none-eabi/9.2.1/../../../arm-none-eabi/lib/thumb/v7e-m+fp/hard/libc.a(lib_a-fiprintf.o)
                0x0000000008006c68                _fiprintf_r
                0x0000000008006c84                fiprintf
 .text          0x0000000008006cac      0x294 /usr/lib/gcc/arm-none-eabi/9.2.1/../../../arm-none-eabi/lib/thumb/v7e-m+fp/hard/libc.a(lib_a-freer.o)
                0x0000000008006cac                _malloc_trim_r
                0x0000000008006d4c                _free_r
 .text          0x0000000008006f40       0x5c /usr/lib/gcc/arm-none-eabi/9.2.1/../../../arm-none-eabi/lib/thumb/v7e-m+fp/hard/libc.a(lib_a-locale.o)
                0x0000000008006f40                _setlocale_r
                0x0000000008006f80                __locale_mb_cur_max
                0x0000000008006f8c                setlocale
 .text          0x0000000008006f9c       0x40 /usr/lib/gcc/arm-none-eabi/9.2.1/../../../arm-none-eabi/lib/thumb/v7e-m+fp/hard/libc.a(lib_a-mbtowc_r.o)
                0x0000000008006f9c                _mbtowc_r
                0x0000000008006fb0                __ascii_mbtowc
 .text          0x0000000008006fdc       0xd0 /usr/lib/gcc/arm-none-eabi/9.2.1/../../../arm-none-eabi/lib/thumb/v7e-m+fp/hard/libc.a(lib_a-memmove.o)
                0x0000000008006fdc                memmove
 .text          0x00000000080070ac      0x36c /usr/lib/gcc/arm-none-eabi/9.2.1/../../../arm-none-eabi/lib/thumb/v7e-m+fp/hard/libc.a(lib_a-reallocr.o)
                0x00000000080070ac                _realloc_r
 .text          0x0000000008007418      0xd00 /usr/lib/gcc/arm-none-eabi/9.2.1/../../../arm-none-eabi/lib/thumb/v7e-m+fp/hard/libc.a(lib_a-vfiprintf.o)
                0x0000000008007490                __sprint_r
                0x00000000080074a4                _vfiprintf_r
                0x0000000008008094                vfiprintf
 .text          0x0000000008008118       0x30 /usr/lib/gcc/arm-none-eabi/9.2.1/../../../arm-none-eabi/lib/thumb/v7e-m+fp/hard/libc.a(lib_a-wctomb_r.o)
                0x0000000008008118                _wctomb_r
                0x000000000800812c                __ascii_wctomb
 .text          0x0000000008008148       0xd0 /usr/lib/gcc/arm-none-eabi/9.2.1/../../../arm-none-eabi/lib/thumb/v7e-m+fp/hard/libc.a(lib_a-wsetup.o)
                0x0000000008008148                __swsetup_r
 .text          0x0000000008008218       0x10 /usr/lib/gcc/arm-none-eabi/9.2.1/../../../arm-none-eabi/lib/thumb/v7e-m+fp/hard/libc.a(lib_a-abort.o)
                0x0000000008008218                abort
 .text          0x0000000008008228      0x1a4 /usr/lib/gcc/arm-none-eabi/9.2.1/../../../arm-none-eabi/lib/thumb/v7e-m+fp/hard/libc.a(lib_a-fflush.o)
                0x0000000008008228                __sflush_r
                0x0000000008008374                _fflush_r
                0x00000000080083a8                fflush
 .text          0x00000000080083cc      0x1f4 /usr/lib/gcc/arm-none-eabi/9.2.1/../../../arm-none-eabi/lib/thumb/v7e-m+fp/hard/libc.a(lib_a-findfp.o)
                0x00000000080083d0                _cleanup_r
                0x00000000080084b4                __sfmoreglue
                0x00000000080084e4                __sfp
                0x000000000800856c                _cleanup
                0x0000000008008580                __sinit
                0x0000000008008588                __sfp_lock_acquire
                0x000000000800858c                __sfp_lock_release
                0x0000000008008590                __sinit_lock_acquire
                0x0000000008008594                __sinit_lock_release
                0x0000000008008598                __fp_lock_all
                0x00000000080085ac                __fp_unlock_all
 .text          0x00000000080085c0      0x110 /usr/lib/gcc/arm-none-eabi/9.2.1/../../../arm-none-eabi/lib/thumb/v7e-m+fp/hard/libc.a(lib_a-fputwc.o)
                0x00000000080085c0                __fputwc
                0x0000000008008668                _fputwc_r
                0x0000000008008690                fputwc
 .text          0x00000000080086d0      0x308 /usr/lib/gcc/arm-none-eabi/9.2.1/../../../arm-none-eabi/lib/thumb/v7e-m+fp/hard/libc.a(lib_a-fvwrite.o)
                0x00000000080086d0                __sfvwrite_r
 .text          0x00000000080089d8       0xa0 /usr/lib/gcc/arm-none-eabi/9.2.1/../../../arm-none-eabi/lib/thumb/v7e-m+fp/hard/libc.a(lib_a-fwalk.o)
                0x00000000080089d8                _fwalk
                0x0000000008008a24                _fwalk_reent
 .text          0x0000000008008a78       0xf0 /usr/lib/gcc/arm-none-eabi/9.2.1/../../../arm-none-eabi/lib/thumb/v7e-m+fp/hard/libc.a(lib_a-makebuf.o)
                0x0000000008008a78                __swhatbuf_r
                0x0000000008008ad4                __smakebuf_r
 .text          0x0000000008008b68      0x15c /usr/lib/gcc/arm-none-eabi/9.2.1/../../../arm-none-eabi/lib/thumb/v7e-m+fp/hard/libc.a(lib_a-signal.o)
                0x0000000008008b90                _init_signal_r
                0x0000000008008b9c                _signal_r
                0x0000000008008bd4                _raise_r
                0x0000000008008c2c                __sigtramp_r
                0x0000000008008c80                raise
                0x0000000008008c90                signal
                0x0000000008008ca0                _init_signal
                0x0000000008008cb4                __sigtramp
 .text          0x0000000008008cc4       0x2c /usr/lib/gcc/arm-none-eabi/9.2.1/../../../arm-none-eabi/lib/thumb/v7e-m+fp/hard/libc.a(lib_a-signalr.o)
                0x0000000008008cc4                _kill_r
                0x0000000008008cec                _getpid_r
 .text          0x0000000008008cf0       0x90 /usr/lib/gcc/arm-none-eabi/9.2.1/../../../arm-none-eabi/lib/thumb/v7e-m+fp/hard/libc.a(lib_a-stdio.o)
                0x0000000008008cf0                __sread
                0x0000000008008d14                __seofread
                0x0000000008008d18                __swrite
                0x0000000008008d58                __sseek
                0x0000000008008d78                __sclose
 .text          0x0000000008008d80       0xc0 /usr/lib/gcc/arm-none-eabi/9.2.1/../../../arm-none-eabi/lib/thumb/v7e-m+fp/hard/libc.a(lib_a-wbuf.o)
                0x0000000008008d80                __swbuf_r
                0x0000000008008e30                __swbuf
 .text          0x0000000008008e40       0x7c /usr/lib/gcc/arm-none-eabi/9.2.1/../../../arm-none-eabi/lib/thumb/v7e-m+fp/hard/libc.a(lib_a-wcrtomb.o)
                0x0000000008008e40                _wcrtomb_r
                0x0000000008008e74                wcrtomb
 .text          0x0000000008008ebc       0x2c /usr/lib/gcc/arm-none-eabi/9.2.1/../../../arm-none-eabi/lib/thumb/v7e-m+fp/hard/libc.a(lib_a-writer.o)
                0x0000000008008ebc                _write_r
 .text          0x0000000008008ee8       0x24 /usr/lib/gcc/arm-none-eabi/9.2.1/../../../arm-none-eabi/lib/thumb/v7e-m+fp/hard/libc.a(lib_a-closer.o)
                0x0000000008008ee8                _close_r
 .text          0x0000000008008f0c       0x98 /usr/lib/gcc/arm-none-eabi/9.2.1/../../../arm-none-eabi/lib/thumb/v7e-m+fp/hard/libc.a(lib_a-fclose.o)
                0x0000000008008f0c                _fclose_r
                0x0000000008008f94                fclose
 .text          0x0000000008008fa4       0x28 /usr/lib/gcc/arm-none-eabi/9.2.1/../../../arm-none-eabi/lib/thumb/v7e-m+fp/hard/libc.a(lib_a-fstatr.o)
                0x0000000008008fa4                _fstat_r
 .text          0x0000000008008fcc       0x24 /usr/lib/gcc/arm-none-eabi/9.2.1/../../../arm-none-eabi/lib/thumb/v7e-m+fp/hard/libc.a(lib_a-isattyr.o)
                0x0000000008008fcc                _isatty_r
 .text          0x0000000008008ff0       0x2c /usr/lib/gcc/arm-none-eabi/9.2.1/../../../arm-none-eabi/lib/thumb/v7e-m+fp/hard/libc.a(lib_a-lseekr.o)
                0x0000000008008ff0                _lseek_r
 .text          0x000000000800901c       0x2c /usr/lib/gcc/arm-none-eabi/9.2.1/../../../arm-none-eabi/lib/thumb/v7e-m+fp/hard/libc.a(lib_a-readr.o)
                0x000000000800901c                _read_r
 .text          0x0000000008009048      0x110 /usr/lib/gcc/arm-none-eabi/9.2.1/thumb/v7e-m+fp/hard/libgcc.a(_arm_cmpdf2.o)
                0x0000000008009048                __gtdf2
                0x0000000008009048                __gedf2
                0x0000000008009050                __ltdf2
                0x0000000008009050                __ledf2
                0x0000000008009058                __cmpdf2
                0x0000000008009058                __eqdf2
                0x0000000008009058                __nedf2
                0x00000000080090d4                __aeabi_cdrcmple
                0x00000000080090e4                __aeabi_cdcmple
                0x00000000080090e4                __aeabi_cdcmpeq
                0x00000000080090f4                __aeabi_dcmpeq
                0x0000000008009108                __aeabi_dcmplt
                0x000000000800911c                __aeabi_dcmple
                0x0000000008009130                __aeabi_dcmpge
                0x0000000008009144                __aeabi_dcmpgt
 .text          0x0000000008009158       0x2c /usr/lib/gcc/arm-none-eabi/9.2.1/thumb/v7e-m+fp/hard/libgcc.a(_arm_unorddf2.o)
                0x0000000008009158                __aeabi_dcmpun
                0x0000000008009158                __unorddf2
 .text          0x0000000008009184       0x50 /usr/lib/gcc/arm-none-eabi/9.2.1/thumb/v7e-m+fp/hard/libgcc.a(_arm_fixdfsi.o)
                0x0000000008009184                __fixdfsi
                0x0000000008009184                __aeabi_d2iz
 .text          0x00000000080091d4       0x30 /usr/lib/gcc/arm-none-eabi/9.2.1/thumb/v7e-m+fp/hard/libgcc.a(_aeabi_uldivmod.o)
                0x00000000080091d4                __aeabi_uldivmod
 .text          0x0000000008009204      0x2c4 /usr/lib/gcc/arm-none-eabi/9.2.1/thumb/v7e-m+fp/hard/libgcc.a(_udivmoddi4.o)
                0x0000000008009204                __udivmoddi4
 .text          0x00000000080094c8        0x4 /usr/lib/gcc/arm-none-eabi/9.2.1/thumb/v7e-m+fp/hard/libgcc.a(_dvmd_tls.o)
                0x00000000080094c8                __aeabi_ldiv0
                0x00000000080094c8                __aeabi_idiv0
 *(.text*)
 .text.handle_calib_gyro
                0x00000000080094cc      0x10c build/main.o
 .text.handle_calib_accel
                0x00000000080095d8       0x8c build/main.o
 .text.systick_handler
                0x0000000008009664       0x10 build/main.o
                0x0000000008009664                systick_handler
 .text.hardfault_handler
                0x0000000008009674       0x48 build/main.o
                0x0000000008009674                hardfault_handler
 .text.TIM2_IRQHandler
                0x00000000080096bc       0x18 build/main.o
                0x00000000080096bc                TIM2_IRQHandler
 .text.startup.main
                0x00000000080096d4      0x3c4 build/main.o
                0x00000000080096d4                main
 .text.delay_ms
                0x0000000008009a98       0x40 build/sensors/icm42605.o
 .text.ICM_ReadReg
                0x0000000008009ad8       0x44 build/sensors/icm42605.o
 .text.ICM_WriteReg
                0x0000000008009b1c       0x54 build/sensors/icm42605.o
 .text.CS_Low   0x0000000008009b70       0x10 build/sensors/icm42605.o
                0x0000000008009b70                CS_Low
 .text.CS_High  0x0000000008009b80       0x10 build/sensors/icm42605.o
                0x0000000008009b80                CS_High
 .text.ICM42605_Init
                0x0000000008009b90      0x140 build/sensors/icm42605.o
                0x0000000008009b90                ICM42605_Init
 .text.ICM42605_Convert
                0x0000000008009cd0       0xb0 build/sensors/icm42605.o
                0x0000000008009cd0                ICM42605_Convert
 .text.ICM42605_DMA_Callback
                0x0000000008009d80       0x94 build/sensors/icm42605.o
 .text.ICM42605_TriggerRead
                0x0000000008009e14       0x4c build/sensors/icm42605.o
                0x0000000008009e14                ICM42605_TriggerRead
 .text.ICM42605_IsDataReady
                0x0000000008009e60        0xc build/sensors/icm42605.o
                0x0000000008009e60                ICM42605_IsDataReady
 .text.ICM42605_GetLatestData
                0x0000000008009e6c       0x28 build/sensors/icm42605.o
                0x0000000008009e6c                ICM42605_GetLatestData
 .text.ICM42605_CalibrateGyro
                0x0000000008009e94      0x2ac build/sensors/icm42605.o
                0x0000000008009e94                ICM42605_CalibrateGyro
 .text.ICM42605_CalibrateAccel
                0x000000000800a140      0x2cc build/sensors/icm42605.o
                0x000000000800a140                ICM42605_CalibrateAccel
 .text.ICM42605_ApplyCalibration
                0x000000000800a40c       0x88 build/sensors/icm42605.o
                0x000000000800a40c                ICM42605_ApplyCalibration
 .text.ICM42605_RemapAxes
                0x000000000800a494       0x34 build/sensors/icm42605.o
                0x000000000800a494                ICM42605_RemapAxes
 .text.HC05_Init
                0x000000000800a4c8       0x2c build/sensors/hc05.o
                0x000000000800a4c8                HC05_Init
 .text.HC05_LogQuaternion
                0x000000000800a4f4       0x4c build/sensors/hc05.o
                0x000000000800a4f4                HC05_LogQuaternion
 .text.HC05_Poll
                0x000000000800a540      0x154 build/sensors/hc05.o
                0x000000000800a540                HC05_Poll
 .text.HC05_GetStreamState
                0x000000000800a694        0xc build/sensors/hc05.o
                0x000000000800a694                HC05_GetStreamState
 .text.HC05_GetCalibCmd
                0x000000000800a6a0       0x10 build/sensors/hc05.o
                0x000000000800a6a0                HC05_GetCalibCmd
 .text.readRaw24
                0x000000000800a6b0       0x38 build/sensors/spl06.o
 .text.SPL06_Init
                0x000000000800a6e8      0x178 build/sensors/spl06.o
                0x000000000800a6e8                SPL06_Init
 .text.SPL06_Update
                0x000000000800a860       0xf4 build/sensors/spl06.o
                0x000000000800a860                SPL06_Update
 .text.SPI1_Init
                0x000000000800a954       0xd4 build/drivers/spi.o
                0x000000000800a954                SPI1_Init
 .text.SPI1_TransmitReceive
                0x000000000800aa28       0x44 build/drivers/spi.o
                0x000000000800aa28                SPI1_TransmitReceive
 .text.SPI1_DMA_Init
                0x000000000800aa6c       0x84 build/drivers/spi.o
                0x000000000800aa6c                SPI1_DMA_Init
 .text.SPI1_DMA_Transfer
                0x000000000800aaf0       0x38 build/drivers/spi.o
                0x000000000800aaf0                SPI1_DMA_Transfer
 .text.DMA2_Stream0_IRQHandler
                0x000000000800ab28       0x48 build/drivers/spi.o
                0x000000000800ab28                DMA2_Stream0_IRQHandler
 .text.DMA2_Stream3_IRQHandler
                0x000000000800ab70       0x1c build/drivers/spi.o
                0x000000000800ab70                DMA2_Stream3_IRQHandler
 .text.UART5_Init
                0x000000000800ab8c       0xcc build/drivers/uart5.o
                0x000000000800ab8c                UART5_Init
 .text.UART5_WriteChar
                0x000000000800ac58       0x10 build/drivers/uart5.o
                0x000000000800ac58                UART5_WriteChar
 .text.UART5_WriteString
                0x000000000800ac68       0x1c build/drivers/uart5.o
                0x000000000800ac68                UART5_WriteString
 .text.UART5_WriteF
                0x000000000800ac84       0x40 build/drivers/uart5.o
                0x000000000800ac84                UART5_WriteF
 .text.UART5_RxAvailable
                0x000000000800acc4       0x18 build/drivers/uart5.o
                0x000000000800acc4                UART5_RxAvailable
 .text.UART5_RxRead
                0x000000000800acdc       0x1c build/drivers/uart5.o
                0x000000000800acdc                UART5_RxRead
 .text.UART5_RxFlush
                0x000000000800acf8       0x14 build/drivers/uart5.o
                0x000000000800acf8                UART5_RxFlush
 .text.UART5_IRQHandler
                0x000000000800ad0c       0x58 build/drivers/uart5.o
                0x000000000800ad0c                UART5_IRQHandler
 .text.I2C1_Start
                0x000000000800ad64       0x54 build/drivers/I2C.o
 .text.I2C1_Init
                0x000000000800adb8       0xa0 build/drivers/I2C.o
                0x000000000800adb8                I2C1_Init
 .text.I2C1_WriteReg
                0x000000000800ae58       0x5c build/drivers/I2C.o
                0x000000000800ae58                I2C1_WriteReg
 .text.I2C1_ReadRegs
                0x000000000800aeb4       0xac build/drivers/I2C.o
                0x000000000800aeb4                I2C1_ReadRegs
 .text.I2C1_ReadReg
                0x000000000800af60        0x8 build/drivers/I2C.o
                0x000000000800af60                I2C1_ReadReg
 .text.Timer2_InitHz
                0x000000000800af68       0x80 build/drivers/timer.o
                0x000000000800af68                Timer2_InitHz
 .text.Timer2_Start
                0x000000000800afe8       0x10 build/drivers/timer.o
                0x000000000800afe8                Timer2_Start
 .text.flash_erase_sector11
                0x000000000800aff8       0x40 build/drivers/flash_storage.o
 .text.FlashStorage_IsValid.part.0
                0x000000000800b038       0x3c build/drivers/flash_storage.o
 .text.FlashStorage_Init
                0x000000000800b074       0x78 build/drivers/flash_storage.o
                0x000000000800b074                FlashStorage_Init
 .text.FlashStorage_Save
                0x000000000800b0ec      0x178 build/drivers/flash_storage.o
                0x000000000800b0ec                FlashStorage_Save
 .text.FlashStorage_Erase
                0x000000000800b264       0x30 build/drivers/flash_storage.o
                0x000000000800b264                FlashStorage_Erase
 .text._sbrk    0x000000000800b294       0x1c build/syscalls.o
                0x000000000800b294                _sbrk
 .text._write   0x000000000800b2b0       0x1c build/syscalls.o
                0x000000000800b2b0                _write
 .text._read    0x000000000800b2cc        0x4 build/syscalls.o
                0x000000000800b2cc                _read
 .text._close   0x000000000800b2d0        0x8 build/syscalls.o
                0x000000000800b2d0                _close
 .text._fstat   0x000000000800b2d8        0xc build/syscalls.o
                0x000000000800b2d8                _fstat
 .text._isatty  0x000000000800b2e4        0x4 build/syscalls.o
                0x000000000800b2e4                _isatty
 .text._lseek   0x000000000800b2e8        0x4 build/syscalls.o
                0x000000000800b2e8                _lseek
 .text._exit    0x000000000800b2ec        0x4 build/syscalls.o
                0x000000000800b2ec                _exit
 .text._kill    0x000000000800b2f0        0x8 build/syscalls.o
                0x000000000800b2f0                _kill
 .text._getpid  0x000000000800b2f8        0x4 build/syscalls.o
                0x000000000800b2f8                _getpid
 .text.IMU_Init
                0x000000000800b2fc       0x30 build/estimation/imu.o
                0x000000000800b2fc                IMU_Init
 .text.IMU_Update
                0x000000000800b32c      0x474 build/estimation/imu.o
                0x000000000800b32c                IMU_Update
 .text.IMU_GetQuaternion
                0x000000000800b7a0        0x4 build/estimation/imu.o
                0x000000000800b7a0                IMU_GetQuaternion
 .text.GetRotationMatrix
                0x000000000800b7a4       0x1c build/estimation/imu.o
                0x000000000800b7a4                GetRotationMatrix
 .text.IMU_FilterInit
                0x000000000800b7c0       0x60 build/estimation/filter.o
                0x000000000800b7c0                IMU_FilterInit
 .text.IMU_FilterApply
                0x000000000800b820       0xcc build/estimation/filter.o
                0x000000000800b820                IMU_FilterApply
 .text.Attitude_Init
                0x000000000800b8ec       0x1c build/estimation/attitude.o
                0x000000000800b8ec                Attitude_Init
 .text.Attitude_Update
                0x000000000800b908       0x70 build/estimation/attitude.o
                0x000000000800b908                Attitude_Update
 .text.Quaternion_Get
                0x000000000800b978        0xc build/estimation/attitude.o
                0x000000000800b978                Quaternion_Get
 .text.Attitude_GetRotationMatrix
                0x000000000800b984        0xc build/estimation/attitude.o
                0x000000000800b984                Attitude_GetRotationMatrix
 .text.multiply
                0x000000000800b990       0xa4 build/estimation/quaternion.o
                0x000000000800b990                multiply
 .text.normalize
                0x000000000800ba34       0x60 build/estimation/quaternion.o
                0x000000000800ba34                normalize
 .text.integrateBodyRate
                0x000000000800ba94       0xe4 build/estimation/quaternion.o
                0x000000000800ba94                integrateBodyRate
 .text.Altitude_Init
                0x000000000800bb78       0x10 build/estimation/altitude.o
                0x000000000800bb78                Altitude_Init
 .text.Altitude_SetBaseline
                0x000000000800bb88        0xc build/estimation/altitude.o
                0x000000000800bb88                Altitude_SetBaseline
 .text.Altitude_PressureToMeters
                0x000000000800bb94       0x34 build/estimation/altitude.o
                0x000000000800bb94                Altitude_PressureToMeters
 .text.Altitude_Update
                0x000000000800bbc8       0x54 build/estimation/altitude.o
                0x000000000800bbc8                Altitude_Update
 .text.Altitude_Get
                0x000000000800bc1c        0x8 build/estimation/altitude.o
                0x000000000800bc1c                Altitude_Get
 .text.Altitude_ComputeVerticalAccel
                0x000000000800bc24       0x30 build/estimation/altitude.o
                0x000000000800bc24                Altitude_ComputeVerticalAccel
 *(.rodata)
 .rodata        0x000000000800bc54      0x398 /usr/lib/gcc/arm-none-eabi/9.2.1/../../../arm-none-eabi/lib/thumb/v7e-m+fp/hard/libm.a(lib_a-ef_rem_pio2.o)
 .rodata        0x000000000800bfec       0x38 /usr/lib/gcc/arm-none-eabi/9.2.1/../../../arm-none-eabi/lib/thumb/v7e-m+fp/hard/libm.a(lib_a-kf_rem_pio2.o)
 .rodata        0x000000000800c024       0x20 /usr/lib/gcc/arm-none-eabi/9.2.1/../../../arm-none-eabi/lib/thumb/v7e-m+fp/hard/libm.a(lib_a-sf_atan.o)
 .rodata        0x000000000800c044        0x8 /usr/lib/gcc/arm-none-eabi/9.2.1/../../../arm-none-eabi/lib/thumb/v7e-m+fp/hard/libm.a(lib_a-sf_rint.o)
 .rodata        0x000000000800c04c        0x4 /usr/lib/gcc/arm-none-eabi/9.2.1/../../../arm-none-eabi/lib/thumb/v7e-m+fp/hard/libc.a(lib_a-impure.o)
                0x000000000800c04c                _global_impure_ptr
 .rodata        0x000000000800c050       0x20 /usr/lib/gcc/arm-none-eabi/9.2.1/../../../arm-none-eabi/lib/thumb/v7e-m+fp/hard/libc.a(lib_a-svfprintf.o)
 .rodata        0x000000000800c070      0x128 /usr/lib/gcc/arm-none-eabi/9.2.1/../../../arm-none-eabi/lib/thumb/v7e-m+fp/hard/libc.a(lib_a-mprec.o)
                0x000000000800c080                __mprec_tens
                0x000000000800c148                __mprec_tinytens
                0x000000000800c170                __mprec_bigtens
 .rodata        0x000000000800c198       0x20 /usr/lib/gcc/arm-none-eabi/9.2.1/../../../arm-none-eabi/lib/thumb/v7e-m+fp/hard/libc.a(lib_a-svfiprintf.o)
 .rodata        0x000000000800c1b8       0x20 /usr/lib/gcc/arm-none-eabi/9.2.1/../../../arm-none-eabi/lib/thumb/v7e-m+fp/hard/libc.a(lib_a-vfiprintf.o)
 .rodata        0x000000000800c1d8      0x101 /usr/lib/gcc/arm-none-eabi/9.2.1/../../../arm-none-eabi/lib/thumb/v7e-m+fp/hard/libc.a(lib_a-ctype_.o)
                0x000000000800c1d8                _ctype_
 *(.rodata*)
 *fill*         0x000000000800c2d9        0x3 
 .rodata.handle_calib_gyro.str1.4
                0x000000000800c2dc      0x117 build/main.o
 *fill*         0x000000000800c3f3        0x1 
 .rodata.handle_calib_accel.str1.4
                0x000000000800c3f4       0x98 build/main.o
 .rodata.main.str1.4
                0x000000000800c48c       0x9a build/main.o
 *fill*         0x000000000800c526        0x2 
 .rodata.ICM42605_CalibrateGyro.str1.4
                0x000000000800c528       0xb2 build/sensors/icm42605.o
 *fill*         0x000000000800c5da        0x2 
 .rodata.ICM42605_CalibrateAccel.str1.4
                0x000000000800c5dc       0x9b build/sensors/icm42605.o
 *fill*         0x000000000800c677        0x1 
 .rodata.HC05_Init.str1.4
                0x000000000800c678        0xd build/sensors/hc05.o
 *fill*         0x000000000800c685        0x3 
 .rodata.HC05_LogQuaternion.str1.4
                0x000000000800c688       0x21 build/sensors/hc05.o
 *fill*         0x000000000800c6a9        0x3 
 .rodata.HC05_Poll.str1.4
                0x000000000800c6ac       0xb2 build/sensors/hc05.o
 .rodata.str1.4
                0x000000000800c75e       0xb2 /usr/lib/gcc/arm-none-eabi/9.2.1/../../../arm-none-eabi/lib/thumb/v7e-m+fp/hard/libm.a(lib_a-wf_asin.o)
                                          0x1 (size before relaxing)
 .rodata.str1.4
                0x000000000800c75e        0x1 /usr/lib/gcc/arm-none-eabi/9.2.1/../../../arm-none-eabi/lib/thumb/v7e-m+fp/hard/libm.a(lib_a-ef_pow.o)
 *fill*         0x000000000800c75e        0x2 
 .rodata.str1.4
                0x000000000800c760       0x42 /usr/lib/gcc/arm-none-eabi/9.2.1/../../../arm-none-eabi/lib/thumb/v7e-m+fp/hard/libc.a(lib_a-svfprintf.o)
 *fill*         0x000000000800c7a2        0x2 
 .rodata.str1.4
                0x000000000800c7a4       0x56 /usr/lib/gcc/arm-none-eabi/9.2.1/../../../arm-none-eabi/lib/thumb/v7e-m+fp/hard/libc.a(lib_a-dtoa.o)
                                         0x5a (size before relaxing)
 *fill*         0x000000000800c7fa        0x2 
 .rodata.str1.4
                0x000000000800c7fc       0x33 /usr/lib/gcc/arm-none-eabi/9.2.1/../../../arm-none-eabi/lib/thumb/v7e-m+fp/hard/libc.a(lib_a-mprec.o)
                                         0x47 (size before relaxing)
 .rodata.str1.4
                0x000000000800c82f       0x2f /usr/lib/gcc/arm-none-eabi/9.2.1/../../../arm-none-eabi/lib/thumb/v7e-m+fp/hard/libc.a(lib_a-svfiprintf.o)
 *fill*         0x000000000800c82f        0x1 
 .rodata.str1.4
                0x000000000800c830       0x3f /usr/lib/gcc/arm-none-eabi/9.2.1/../../../arm-none-eabi/lib/thumb/v7e-m+fp/hard/libc.a(lib_a-assert.o)
                                         0x43 (size before relaxing)
 *fill*         0x000000000800c86f        0x1 
 .rodata.str1.4
                0x000000000800c870        0xe /usr/lib/gcc/arm-none-eabi/9.2.1/../../../arm-none-eabi/lib/thumb/v7e-m+fp/hard/libc.a(lib_a-locale.o)
                                         0x12 (size before relaxing)
 .rodata.str1.4
                0x000000000800c87e       0x2f /usr/lib/gcc/arm-none-eabi/9.2.1/../../../arm-none-eabi/lib/thumb/v7e-m+fp/hard/libc.a(lib_a-vfiprintf.o)
                0x000000000800c8b0                . = ALIGN (0x4)
 *fill*         0x000000000800c87e        0x2 
                0x000000000800c880                _text_end = .

.glue_7         0x000000000800c880        0x0
 .glue_7        0x000000000800c880        0x0 linker stubs

.glue_7t        0x000000000800c880        0x0
 .glue_7t       0x000000000800c880        0x0 linker stubs

.vfp11_veneer   0x000000000800c880        0x0
 .vfp11_veneer  0x000000000800c880        0x0 linker stubs

.v4_bx          0x000000000800c880        0x0
 .v4_bx         0x000000000800c880        0x0 linker stubs

.iplt           0x000000000800c880        0x0
 .iplt          0x000000000800c880        0x0 build/main.o

.rel.dyn        0x000000000800c880        0x0
 .rel.iplt      0x000000000800c880        0x0 build/main.o

.ARM.exidx      0x000000000800c880        0x8
 .ARM.exidx     0x000000000800c880        0x8 /usr/lib/gcc/arm-none-eabi/9.2.1/thumb/v7e-m+fp/hard/libgcc.a(_udivmoddi4.o)

.data           0x0000000020000000      0x9b8 load address 0x000000000800c888
                0x0000000020000000                . = ALIGN (0x4)
                0x000000000800c888                _data_lma = LOADADDR (.data)
                0x0000000020000000                _data_start = .
 *(.data)
 .data          0x0000000020000000        0x1 /usr/lib/gcc/arm-none-eabi/9.2.1/../../../arm-none-eabi/lib/thumb/v7e-m+fp/hard/libm.a(lib_a-s_lib_ver.o)
                0x0000000020000000                __fdlib_version
 *fill*         0x0000000020000001        0x7 
 .data          0x0000000020000008      0x430 /usr/lib/gcc/arm-none-eabi/9.2.1/../../../arm-none-eabi/lib/thumb/v7e-m+fp/hard/libc.a(lib_a-impure.o)
                0x0000000020000008                _impure_ptr
 .data          0x0000000020000438      0x410 /usr/lib/gcc/arm-none-eabi/9.2.1/../../../arm-none-eabi/lib/thumb/v7e-m+fp/hard/libc.a(lib_a-mallocr.o)
                0x0000000020000438                __malloc_av_
                0x0000000020000840                __malloc_sbrk_base
                0x0000000020000844                __malloc_trim_threshold
 .data          0x0000000020000848      0x16c /usr/lib/gcc/arm-none-eabi/9.2.1/../../../arm-none-eabi/lib/thumb/v7e-m+fp/hard/libc.a(lib_a-locale.o)
                0x0000000020000848                __global_locale
 *(.data*)
 .data.s_baselinePressure
                0x00000000200009b4        0x4 build/estimation/altitude.o
                0x00000000200009b8                . = ALIGN (0x4)
                0x00000000200009b8                _data_end = .

.igot.plt       0x00000000200009b8        0x0 load address 0x000000000800d240
 .igot.plt      0x00000000200009b8        0x0 build/main.o

.bss            0x00000000200009b8      0x24c load address 0x000000000800d240
                0x00000000200009b8                . = ALIGN (0x4)
                0x00000000200009b8                _bss_start = .
 *(.bss)
 .bss           0x00000000200009b8       0x34 /usr/lib/gcc/arm-none-eabi/9.2.1/../../../arm-none-eabi/lib/thumb/v7e-m+fp/hard/libc.a(lib_a-mallocr.o)
                0x00000000200009b8                __malloc_top_pad
                0x00000000200009bc                __malloc_current_mallinfo
                0x00000000200009e4                __malloc_max_sbrked_mem
                0x00000000200009e8                __malloc_max_total_mem
 *(.bss*)
 .bss.last_baro.5585
                0x00000000200009ec        0x4 build/main.o
 .bss.ms_tick   0x00000000200009f0        0x4 build/main.o
 .bss.s_cal     0x00000000200009f4       0x28 build/main.o
 .bss.spl06_ready
                0x0000000020000a1c        0x1 build/main.o
 .bss.s_data_ready
                0x0000000020000a1d        0x1 build/sensors/icm42605.o
 .bss.s_dma_busy
                0x0000000020000a1e        0x1 build/sensors/icm42605.o
 *fill*         0x0000000020000a1f        0x1 
 .bss.s_dma_rx_buf
                0x0000000020000a20        0xf build/sensors/icm42605.o
 *fill*         0x0000000020000a2f        0x1 
 .bss.s_dma_tx_buf
                0x0000000020000a30        0xf build/sensors/icm42605.o
 *fill*         0x0000000020000a3f        0x1 
 .bss.s_latest_data
                0x0000000020000a40       0x1c build/sensors/icm42605.o
 .bss.calib_cmd
                0x0000000020000a5c        0x1 build/sensors/hc05.o
 *fill*         0x0000000020000a5d        0x3 
 .bss.cmd_buf   0x0000000020000a60       0x10 build/sensors/hc05.o
 .bss.cmd_len   0x0000000020000a70        0x2 build/sensors/hc05.o
 .bss.stream_state
                0x0000000020000a72        0x1 build/sensors/hc05.o
 *fill*         0x0000000020000a73        0x1 
 .bss.s_calib   0x0000000020000a74       0x24 build/sensors/spl06.o
 .bss.dma_callback
                0x0000000020000a98        0x4 build/drivers/spi.o
 .bss.rb_buf    0x0000000020000a9c      0x100 build/drivers/uart5.o
 .bss.rb_head   0x0000000020000b9c        0x2 build/drivers/uart5.o
 .bss.rb_tail   0x0000000020000b9e        0x2 build/drivers/uart5.o
 .bss.heap_ptr  0x0000000020000ba0        0x4 build/syscalls.o
 .bss.s_imu     0x0000000020000ba4       0x54 build/estimation/attitude.o
 .bss.s_state   0x0000000020000bf8        0x8 build/estimation/altitude.o
 *(COMMON)
 COMMON         0x0000000020000c00        0x4 /usr/lib/gcc/arm-none-eabi/9.2.1/../../../arm-none-eabi/lib/thumb/v7e-m+fp/hard/libc.a(lib_a-reent.o)
                0x0000000020000c00                errno
                0x0000000020000c04                . = ALIGN (0x4)
                0x0000000020000c04                _bss_end = .
                0x0000000020000c04                . = ALIGN (0x4)
                0x0000000020000c04                _heap_end = .
                0x0000000000000001                ASSERT (((_bss_end + _stack_size) <= (ORIGIN (RAM) + LENGTH (RAM))), ERROR: RAM overflow! Giam stack_size hoac xoa bot bien)
OUTPUT(blueberryf405.elf elf32-littlearm)
LOAD linker stubs

.debug_info     0x0000000000000000    0x45f67
 .debug_info    0x0000000000000000     0x167c build/main.o
 .debug_info    0x000000000000167c     0x1ec6 build/sensors/icm42605.o
 .debug_info    0x0000000000003542      0xf5b build/sensors/hc05.o
 .debug_info    0x000000000000449d      0x739 build/sensors/spl06.o
 .debug_info    0x0000000000004bd6      0x6d1 build/drivers/spi.o
 .debug_info    0x00000000000052a7     0x10c4 build/drivers/uart5.o
 .debug_info    0x000000000000636b      0x8b0 build/drivers/I2C.o
 .debug_info    0x0000000000006c1b      0x4b2 build/drivers/timer.o
 .debug_info    0x00000000000070cd     0x10d3 build/drivers/flash_storage.o
 .debug_info    0x00000000000081a0      0xd95 build/syscalls.o
 .debug_info    0x0000000000008f35     0x14c3 build/estimation/imu.o
 .debug_info    0x000000000000a3f8      0xe46 build/estimation/filter.o
 .debug_info    0x000000000000b23e      0xcca build/estimation/attitude.o
 .debug_info    0x000000000000bf08      0xd5a build/estimation/quaternion.o
 .debug_info    0x000000000000cc62      0xb27 build/estimation/altitude.o
 .debug_info    0x000000000000d789      0xaac /usr/lib/gcc/arm-none-eabi/9.2.1/../../../arm-none-eabi/lib/thumb/v7e-m+fp/hard/libm.a(lib_a-sf_cos.o)
 .debug_info    0x000000000000e235      0xa00 /usr/lib/gcc/arm-none-eabi/9.2.1/../../../arm-none-eabi/lib/thumb/v7e-m+fp/hard/libm.a(lib_a-sf_fabs.o)
 .debug_info    0x000000000000ec35      0xab7 /usr/lib/gcc/arm-none-eabi/9.2.1/../../../arm-none-eabi/lib/thumb/v7e-m+fp/hard/libm.a(lib_a-sf_sin.o)
 .debug_info    0x000000000000f6ec      0xa2c /usr/lib/gcc/arm-none-eabi/9.2.1/../../../arm-none-eabi/lib/thumb/v7e-m+fp/hard/libm.a(lib_a-wf_asin.o)
 .debug_info    0x0000000000010118      0x9dc /usr/lib/gcc/arm-none-eabi/9.2.1/../../../arm-none-eabi/lib/thumb/v7e-m+fp/hard/libm.a(lib_a-wf_atan2.o)
 .debug_info    0x0000000000010af4      0xac4 /usr/lib/gcc/arm-none-eabi/9.2.1/../../../arm-none-eabi/lib/thumb/v7e-m+fp/hard/libm.a(lib_a-wf_pow.o)
 .debug_info    0x00000000000115b8      0x9e9 /usr/lib/gcc/arm-none-eabi/9.2.1/../../../arm-none-eabi/lib/thumb/v7e-m+fp/hard/libm.a(lib_a-wf_sqrt.o)
 .debug_info    0x0000000000011fa1      0xc0f /usr/lib/gcc/arm-none-eabi/9.2.1/../../../arm-none-eabi/lib/thumb/v7e-m+fp/hard/libm.a(lib_a-ef_asin.o)
 .debug_info    0x0000000000012bb0      0xba1 /usr/lib/gcc/arm-none-eabi/9.2.1/../../../arm-none-eabi/lib/thumb/v7e-m+fp/hard/libm.a(lib_a-ef_atan2.o)
 .debug_info    0x0000000000013751     0x1111 /usr/lib/gcc/arm-none-eabi/9.2.1/../../../arm-none-eabi/lib/thumb/v7e-m+fp/hard/libm.a(lib_a-ef_pow.o)
 .debug_info    0x0000000000014862      0xcbb /usr/lib/gcc/arm-none-eabi/9.2.1/../../../arm-none-eabi/lib/thumb/v7e-m+fp/hard/libm.a(lib_a-ef_rem_pio2.o)
 .debug_info    0x000000000001551d      0x982 /usr/lib/gcc/arm-none-eabi/9.2.1/../../../arm-none-eabi/lib/thumb/v7e-m+fp/hard/libm.a(lib_a-ef_sqrt.o)
 .debug_info    0x0000000000015e9f      0xaef /usr/lib/gcc/arm-none-eabi/9.2.1/../../../arm-none-eabi/lib/thumb/v7e-m+fp/hard/libm.a(lib_a-kf_cos.o)
 .debug_info    0x000000000001698e      0xcb6 /usr/lib/gcc/arm-none-eabi/9.2.1/../../../arm-none-eabi/lib/thumb/v7e-m+fp/hard/libm.a(lib_a-kf_rem_pio2.o)
 .debug_info    0x0000000000017644      0xab4 /usr/lib/gcc/arm-none-eabi/9.2.1/../../../arm-none-eabi/lib/thumb/v7e-m+fp/hard/libm.a(lib_a-kf_sin.o)
 .debug_info    0x00000000000180f8      0x94b /usr/lib/gcc/arm-none-eabi/9.2.1/../../../arm-none-eabi/lib/thumb/v7e-m+fp/hard/libm.a(lib_a-s_lib_ver.o)
 .debug_info    0x0000000000018a43      0xb11 /usr/lib/gcc/arm-none-eabi/9.2.1/../../../arm-none-eabi/lib/thumb/v7e-m+fp/hard/libm.a(lib_a-sf_atan.o)
 .debug_info    0x0000000000019554      0x9e4 /usr/lib/gcc/arm-none-eabi/9.2.1/../../../arm-none-eabi/lib/thumb/v7e-m+fp/hard/libm.a(lib_a-sf_finite.o)
 .debug_info    0x0000000000019f38      0xa4a /usr/lib/gcc/arm-none-eabi/9.2.1/../../../arm-none-eabi/lib/thumb/v7e-m+fp/hard/libm.a(lib_a-sf_floor.o)
 .debug_info    0x000000000001a982      0x97a /usr/lib/gcc/arm-none-eabi/9.2.1/../../../arm-none-eabi/lib/thumb/v7e-m+fp/hard/libm.a(lib_a-sf_nan.o)
 .debug_info    0x000000000001b2fc      0xb0c /usr/lib/gcc/arm-none-eabi/9.2.1/../../../arm-none-eabi/lib/thumb/v7e-m+fp/hard/libm.a(lib_a-sf_rint.o)
 .debug_info    0x000000000001be08      0xabe /usr/lib/gcc/arm-none-eabi/9.2.1/../../../arm-none-eabi/lib/thumb/v7e-m+fp/hard/libm.a(lib_a-sf_scalbn.o)
 .debug_info    0x000000000001c8c6       0x26 /usr/lib/gcc/arm-none-eabi/9.2.1/thumb/v7e-m+fp/hard/libgcc.a(_arm_addsubdf3.o)
 .debug_info    0x000000000001c8ec       0x26 /usr/lib/gcc/arm-none-eabi/9.2.1/thumb/v7e-m+fp/hard/libgcc.a(_arm_muldivdf3.o)
 .debug_info    0x000000000001c912       0x26 /usr/lib/gcc/arm-none-eabi/9.2.1/thumb/v7e-m+fp/hard/libgcc.a(_arm_truncdfsf2.o)
 .debug_info    0x000000000001c938      0x953 /usr/lib/gcc/arm-none-eabi/9.2.1/../../../arm-none-eabi/lib/thumb/v7e-m+fp/hard/libc.a(lib_a-errno.o)
 .debug_info    0x000000000001d28b      0x92a /usr/lib/gcc/arm-none-eabi/9.2.1/../../../arm-none-eabi/lib/thumb/v7e-m+fp/hard/libc.a(lib_a-impure.o)
 .debug_info    0x000000000001dbb5       0x26 /usr/lib/gcc/arm-none-eabi/9.2.1/../../../arm-none-eabi/lib/thumb/v7e-m+fp/hard/libc.a(lib_a-memcpy.o)
 .debug_info    0x000000000001dbdb      0xf21 /usr/lib/gcc/arm-none-eabi/9.2.1/../../../arm-none-eabi/lib/thumb/v7e-m+fp/hard/libc.a(lib_a-memset.o)
 .debug_info    0x000000000001eafc       0x26 /usr/lib/gcc/arm-none-eabi/9.2.1/../../../arm-none-eabi/lib/thumb/v7e-m+fp/hard/libc.a(lib_a-strcmp.o)
 .debug_info    0x000000000001eb22      0xceb /usr/lib/gcc/arm-none-eabi/9.2.1/../../../arm-none-eabi/lib/thumb/v7e-m+fp/hard/libc.a(lib_a-vsnprintf.o)
 .debug_info    0x000000000001f80d     0x1ebd /usr/lib/gcc/arm-none-eabi/9.2.1/../../../arm-none-eabi/lib/thumb/v7e-m+fp/hard/libc.a(lib_a-svfprintf.o)
 .debug_info    0x00000000000216ca     0x1acf /usr/lib/gcc/arm-none-eabi/9.2.1/../../../arm-none-eabi/lib/thumb/v7e-m+fp/hard/libc.a(lib_a-dtoa.o)
 .debug_info    0x0000000000023199      0xf49 /usr/lib/gcc/arm-none-eabi/9.2.1/../../../arm-none-eabi/lib/thumb/v7e-m+fp/hard/libc.a(lib_a-localeconv.o)
 .debug_info    0x00000000000240e2      0xf41 /usr/lib/gcc/arm-none-eabi/9.2.1/../../../arm-none-eabi/lib/thumb/v7e-m+fp/hard/libc.a(lib_a-mallocr.o)
 .debug_info    0x0000000000025023       0x26 /usr/lib/gcc/arm-none-eabi/9.2.1/../../../arm-none-eabi/lib/thumb/v7e-m+fp/hard/libc.a(lib_a-memchr.o)
 .debug_info    0x0000000000025049      0x961 /usr/lib/gcc/arm-none-eabi/9.2.1/../../../arm-none-eabi/lib/thumb/v7e-m+fp/hard/libc.a(lib_a-mlock.o)
 .debug_info    0x00000000000259aa     0x228d /usr/lib/gcc/arm-none-eabi/9.2.1/../../../arm-none-eabi/lib/thumb/v7e-m+fp/hard/libc.a(lib_a-mprec.o)
 .debug_info    0x0000000000027c37      0x9fb /usr/lib/gcc/arm-none-eabi/9.2.1/../../../arm-none-eabi/lib/thumb/v7e-m+fp/hard/libc.a(lib_a-sbrkr.o)
 .debug_info    0x0000000000028632       0x26 /usr/lib/gcc/arm-none-eabi/9.2.1/../../../arm-none-eabi/lib/thumb/v7e-m+fp/hard/libc.a(lib_a-strlen.o)
 .debug_info    0x0000000000028658     0x18fe /usr/lib/gcc/arm-none-eabi/9.2.1/../../../arm-none-eabi/lib/thumb/v7e-m+fp/hard/libc.a(lib_a-svfiprintf.o)
 .debug_info    0x0000000000029f56      0xa41 /usr/lib/gcc/arm-none-eabi/9.2.1/../../../arm-none-eabi/lib/thumb/v7e-m+fp/hard/libc.a(lib_a-assert.o)
 .debug_info    0x000000000002a997      0xc2f /usr/lib/gcc/arm-none-eabi/9.2.1/../../../arm-none-eabi/lib/thumb/v7e-m+fp/hard/libc.a(lib_a-callocr.o)
 .debug_info    0x000000000002b5c6      0xa71 /usr/lib/gcc/arm-none-eabi/9.2.1/../../../arm-none-eabi/lib/thumb/v7e-m+fp/hard/libc.a(lib_a-fiprintf.o)
 .debug_info    0x000000000002c037      0xdc4 /usr/lib/gcc/arm-none-eabi/9.2.1/../../../arm-none-eabi/lib/thumb/v7e-m+fp/hard/libc.a(lib_a-freer.o)
 .debug_info    0x000000000002cdfb     0x10ca /usr/lib/gcc/arm-none-eabi/9.2.1/../../../arm-none-eabi/lib/thumb/v7e-m+fp/hard/libc.a(lib_a-locale.o)
 .debug_info    0x000000000002dec5     0x1044 /usr/lib/gcc/arm-none-eabi/9.2.1/../../../arm-none-eabi/lib/thumb/v7e-m+fp/hard/libc.a(lib_a-mbtowc_r.o)
 .debug_info    0x000000000002ef09      0xf2b /usr/lib/gcc/arm-none-eabi/9.2.1/../../../arm-none-eabi/lib/thumb/v7e-m+fp/hard/libc.a(lib_a-memmove.o)
 .debug_info    0x000000000002fe34      0xefd /usr/lib/gcc/arm-none-eabi/9.2.1/../../../arm-none-eabi/lib/thumb/v7e-m+fp/hard/libc.a(lib_a-reallocr.o)
 .debug_info    0x0000000000030d31      0xac5 /usr/lib/gcc/arm-none-eabi/9.2.1/../../../arm-none-eabi/lib/thumb/v7e-m+fp/hard/libc.a(lib_a-reent.o)
 .debug_info    0x00000000000317f6     0x1eb6 /usr/lib/gcc/arm-none-eabi/9.2.1/../../../arm-none-eabi/lib/thumb/v7e-m+fp/hard/libc.a(lib_a-vfiprintf.o)
 .debug_info    0x00000000000336ac      0xffd /usr/lib/gcc/arm-none-eabi/9.2.1/../../../arm-none-eabi/lib/thumb/v7e-m+fp/hard/libc.a(lib_a-wctomb_r.o)
 .debug_info    0x00000000000346a9      0xbf3 /usr/lib/gcc/arm-none-eabi/9.2.1/../../../arm-none-eabi/lib/thumb/v7e-m+fp/hard/libc.a(lib_a-wsetup.o)
 .debug_info    0x000000000003529c      0x9b5 /usr/lib/gcc/arm-none-eabi/9.2.1/../../../arm-none-eabi/lib/thumb/v7e-m+fp/hard/libc.a(lib_a-abort.o)
 .debug_info    0x0000000000035c51      0xe91 /usr/lib/gcc/arm-none-eabi/9.2.1/../../../arm-none-eabi/lib/thumb/v7e-m+fp/hard/libc.a(lib_a-ctype_.o)
 .debug_info    0x0000000000036ae2      0xd73 /usr/lib/gcc/arm-none-eabi/9.2.1/../../../arm-none-eabi/lib/thumb/v7e-m+fp/hard/libc.a(lib_a-fflush.o)
 .debug_info    0x0000000000037855     0x1143 /usr/lib/gcc/arm-none-eabi/9.2.1/../../../arm-none-eabi/lib/thumb/v7e-m+fp/hard/libc.a(lib_a-findfp.o)
 .debug_info    0x0000000000038998      0xe4a /usr/lib/gcc/arm-none-eabi/9.2.1/../../../arm-none-eabi/lib/thumb/v7e-m+fp/hard/libc.a(lib_a-fputwc.o)
 .debug_info    0x00000000000397e2      0xeed /usr/lib/gcc/arm-none-eabi/9.2.1/../../../arm-none-eabi/lib/thumb/v7e-m+fp/hard/libc.a(lib_a-fvwrite.o)
 .debug_info    0x000000000003a6cf      0xca4 /usr/lib/gcc/arm-none-eabi/9.2.1/../../../arm-none-eabi/lib/thumb/v7e-m+fp/hard/libc.a(lib_a-fwalk.o)
 .debug_info    0x000000000003b373      0xf69 /usr/lib/gcc/arm-none-eabi/9.2.1/../../../arm-none-eabi/lib/thumb/v7e-m+fp/hard/libc.a(lib_a-makebuf.o)
 .debug_info    0x000000000003c2dc      0xd5c /usr/lib/gcc/arm-none-eabi/9.2.1/../../../arm-none-eabi/lib/thumb/v7e-m+fp/hard/libc.a(lib_a-signal.o)
 .debug_info    0x000000000003d038      0xa44 /usr/lib/gcc/arm-none-eabi/9.2.1/../../../arm-none-eabi/lib/thumb/v7e-m+fp/hard/libc.a(lib_a-signalr.o)
 .debug_info    0x000000000003da7c      0xe67 /usr/lib/gcc/arm-none-eabi/9.2.1/../../../arm-none-eabi/lib/thumb/v7e-m+fp/hard/libc.a(lib_a-stdio.o)
 .debug_info    0x000000000003e8e3      0xc90 /usr/lib/gcc/arm-none-eabi/9.2.1/../../../arm-none-eabi/lib/thumb/v7e-m+fp/hard/libc.a(lib_a-wbuf.o)
 .debug_info    0x000000000003f573     0x10b3 /usr/lib/gcc/arm-none-eabi/9.2.1/../../../arm-none-eabi/lib/thumb/v7e-m+fp/hard/libc.a(lib_a-wcrtomb.o)
 .debug_info    0x0000000000040626      0xa2c /usr/lib/gcc/arm-none-eabi/9.2.1/../../../arm-none-eabi/lib/thumb/v7e-m+fp/hard/libc.a(lib_a-writer.o)
 .debug_info    0x0000000000041052      0x9d8 /usr/lib/gcc/arm-none-eabi/9.2.1/../../../arm-none-eabi/lib/thumb/v7e-m+fp/hard/libc.a(lib_a-closer.o)
 .debug_info    0x0000000000041a2a      0xcd5 /usr/lib/gcc/arm-none-eabi/9.2.1/../../../arm-none-eabi/lib/thumb/v7e-m+fp/hard/libc.a(lib_a-fclose.o)
 .debug_info    0x00000000000426ff      0xc24 /usr/lib/gcc/arm-none-eabi/9.2.1/../../../arm-none-eabi/lib/thumb/v7e-m+fp/hard/libc.a(lib_a-fstatr.o)
 .debug_info    0x0000000000043323      0x9d8 /usr/lib/gcc/arm-none-eabi/9.2.1/../../../arm-none-eabi/lib/thumb/v7e-m+fp/hard/libc.a(lib_a-isattyr.o)
 .debug_info    0x0000000000043cfb      0xa0d /usr/lib/gcc/arm-none-eabi/9.2.1/../../../arm-none-eabi/lib/thumb/v7e-m+fp/hard/libc.a(lib_a-lseekr.o)
 .debug_info    0x0000000000044708      0xa25 /usr/lib/gcc/arm-none-eabi/9.2.1/../../../arm-none-eabi/lib/thumb/v7e-m+fp/hard/libc.a(lib_a-readr.o)
 .debug_info    0x000000000004512d       0x26 /usr/lib/gcc/arm-none-eabi/9.2.1/thumb/v7e-m+fp/hard/libgcc.a(_arm_cmpdf2.o)
 .debug_info    0x0000000000045153       0x26 /usr/lib/gcc/arm-none-eabi/9.2.1/thumb/v7e-m+fp/hard/libgcc.a(_arm_unorddf2.o)
 .debug_info    0x0000000000045179       0x26 /usr/lib/gcc/arm-none-eabi/9.2.1/thumb/v7e-m+fp/hard/libgcc.a(_arm_fixdfsi.o)
 .debug_info    0x000000000004519f       0x26 /usr/lib/gcc/arm-none-eabi/9.2.1/thumb/v7e-m+fp/hard/libgcc.a(_aeabi_uldivmod.o)
 .debug_info    0x00000000000451c5      0xd7c /usr/lib/gcc/arm-none-eabi/9.2.1/thumb/v7e-m+fp/hard/libgcc.a(_udivmoddi4.o)
 .debug_info    0x0000000000045f41       0x26 /usr/lib/gcc/arm-none-eabi/9.2.1/thumb/v7e-m+fp/hard/libgcc.a(_dvmd_tls.o)

.debug_abbrev   0x0000000000000000     0xda7e
 .debug_abbrev  0x0000000000000000      0x3f4 build/main.o
 .debug_abbrev  0x00000000000003f4      0x61f build/sensors/icm42605.o
 .debug_abbrev  0x0000000000000a13      0x2d6 build/sensors/hc05.o
 .debug_abbrev  0x0000000000000ce9      0x21f build/sensors/spl06.o
 .debug_abbrev  0x0000000000000f08      0x1e6 build/drivers/spi.o
 .debug_abbrev  0x00000000000010ee      0x428 build/drivers/uart5.o
 .debug_abbrev  0x0000000000001516      0x27d build/drivers/I2C.o
 .debug_abbrev  0x0000000000001793      0x141 build/drivers/timer.o
 .debug_abbrev  0x00000000000018d4      0x3d4 build/drivers/flash_storage.o
 .debug_abbrev  0x0000000000001ca8      0x2a2 build/syscalls.o
 .debug_abbrev  0x0000000000001f4a      0x36f build/estimation/imu.o
 .debug_abbrev  0x00000000000022b9      0x29f build/estimation/filter.o
 .debug_abbrev  0x0000000000002558      0x24d build/estimation/attitude.o
 .debug_abbrev  0x00000000000027a5      0x27d build/estimation/quaternion.o
 .debug_abbrev  0x0000000000002a22      0x297 build/estimation/altitude.o
 .debug_abbrev  0x0000000000002cb9      0x285 /usr/lib/gcc/arm-none-eabi/9.2.1/../../../arm-none-eabi/lib/thumb/v7e-m+fp/hard/libm.a(lib_a-sf_cos.o)
 .debug_abbrev  0x0000000000002f3e      0x235 /usr/lib/gcc/arm-none-eabi/9.2.1/../../../arm-none-eabi/lib/thumb/v7e-m+fp/hard/libm.a(lib_a-sf_fabs.o)
 .debug_abbrev  0x0000000000003173      0x290 /usr/lib/gcc/arm-none-eabi/9.2.1/../../../arm-none-eabi/lib/thumb/v7e-m+fp/hard/libm.a(lib_a-sf_sin.o)
 .debug_abbrev  0x0000000000003403      0x27f /usr/lib/gcc/arm-none-eabi/9.2.1/../../../arm-none-eabi/lib/thumb/v7e-m+fp/hard/libm.a(lib_a-wf_asin.o)
 .debug_abbrev  0x0000000000003682      0x240 /usr/lib/gcc/arm-none-eabi/9.2.1/../../../arm-none-eabi/lib/thumb/v7e-m+fp/hard/libm.a(lib_a-wf_atan2.o)
 .debug_abbrev  0x00000000000038c2      0x271 /usr/lib/gcc/arm-none-eabi/9.2.1/../../../arm-none-eabi/lib/thumb/v7e-m+fp/hard/libm.a(lib_a-wf_pow.o)
 .debug_abbrev  0x0000000000003b33      0x25e /usr/lib/gcc/arm-none-eabi/9.2.1/../../../arm-none-eabi/lib/thumb/v7e-m+fp/hard/libm.a(lib_a-wf_sqrt.o)
 .debug_abbrev  0x0000000000003d91      0x2b9 /usr/lib/gcc/arm-none-eabi/9.2.1/../../../arm-none-eabi/lib/thumb/v7e-m+fp/hard/libm.a(lib_a-ef_asin.o)
 .debug_abbrev  0x000000000000404a      0x2a7 /usr/lib/gcc/arm-none-eabi/9.2.1/../../../arm-none-eabi/lib/thumb/v7e-m+fp/hard/libm.a(lib_a-ef_atan2.o)
 .debug_abbrev  0x00000000000042f1      0x2ed /usr/lib/gcc/arm-none-eabi/9.2.1/../../../arm-none-eabi/lib/thumb/v7e-m+fp/hard/libm.a(lib_a-ef_pow.o)
 .debug_abbrev  0x00000000000045de      0x2bd /usr/lib/gcc/arm-none-eabi/9.2.1/../../../arm-none-eabi/lib/thumb/v7e-m+fp/hard/libm.a(lib_a-ef_rem_pio2.o)
 .debug_abbrev  0x000000000000489b      0x20d /usr/lib/gcc/arm-none-eabi/9.2.1/../../../arm-none-eabi/lib/thumb/v7e-m+fp/hard/libm.a(lib_a-ef_sqrt.o)
 .debug_abbrev  0x0000000000004aa8      0x246 /usr/lib/gcc/arm-none-eabi/9.2.1/../../../arm-none-eabi/lib/thumb/v7e-m+fp/hard/libm.a(lib_a-kf_cos.o)
 .debug_abbrev  0x0000000000004cee      0x2c1 /usr/lib/gcc/arm-none-eabi/9.2.1/../../../arm-none-eabi/lib/thumb/v7e-m+fp/hard/libm.a(lib_a-kf_rem_pio2.o)
 .debug_abbrev  0x0000000000004faf      0x25d /usr/lib/gcc/arm-none-eabi/9.2.1/../../../arm-none-eabi/lib/thumb/v7e-m+fp/hard/libm.a(lib_a-kf_sin.o)
 .debug_abbrev  0x000000000000520c      0x1d4 /usr/lib/gcc/arm-none-eabi/9.2.1/../../../arm-none-eabi/lib/thumb/v7e-m+fp/hard/libm.a(lib_a-s_lib_ver.o)
 .debug_abbrev  0x00000000000053e0      0x28c /usr/lib/gcc/arm-none-eabi/9.2.1/../../../arm-none-eabi/lib/thumb/v7e-m+fp/hard/libm.a(lib_a-sf_atan.o)
 .debug_abbrev  0x000000000000566c      0x227 /usr/lib/gcc/arm-none-eabi/9.2.1/../../../arm-none-eabi/lib/thumb/v7e-m+fp/hard/libm.a(lib_a-sf_finite.o)
 .debug_abbrev  0x0000000000005893      0x251 /usr/lib/gcc/arm-none-eabi/9.2.1/../../../arm-none-eabi/lib/thumb/v7e-m+fp/hard/libm.a(lib_a-sf_floor.o)
 .debug_abbrev  0x0000000000005ae4      0x207 /usr/lib/gcc/arm-none-eabi/9.2.1/../../../arm-none-eabi/lib/thumb/v7e-m+fp/hard/libm.a(lib_a-sf_nan.o)
 .debug_abbrev  0x0000000000005ceb      0x272 /usr/lib/gcc/arm-none-eabi/9.2.1/../../../arm-none-eabi/lib/thumb/v7e-m+fp/hard/libm.a(lib_a-sf_rint.o)
 .debug_abbrev  0x0000000000005f5d      0x25e /usr/lib/gcc/arm-none-eabi/9.2.1/../../../arm-none-eabi/lib/thumb/v7e-m+fp/hard/libm.a(lib_a-sf_scalbn.o)
 .debug_abbrev  0x00000000000061bb       0x14 /usr/lib/gcc/arm-none-eabi/9.2.1/thumb/v7e-m+fp/hard/libgcc.a(_arm_addsubdf3.o)
 .debug_abbrev  0x00000000000061cf       0x14 /usr/lib/gcc/arm-none-eabi/9.2.1/thumb/v7e-m+fp/hard/libgcc.a(_arm_muldivdf3.o)
 .debug_abbrev  0x00000000000061e3       0x14 /usr/lib/gcc/arm-none-eabi/9.2.1/thumb/v7e-m+fp/hard/libgcc.a(_arm_truncdfsf2.o)
 .debug_abbrev  0x00000000000061f7      0x1d6 /usr/lib/gcc/arm-none-eabi/9.2.1/../../../arm-none-eabi/lib/thumb/v7e-m+fp/hard/libc.a(lib_a-errno.o)
 .debug_abbrev  0x00000000000063cd      0x1b8 /usr/lib/gcc/arm-none-eabi/9.2.1/../../../arm-none-eabi/lib/thumb/v7e-m+fp/hard/libc.a(lib_a-impure.o)
 .debug_abbrev  0x0000000000006585       0x14 /usr/lib/gcc/arm-none-eabi/9.2.1/../../../arm-none-eabi/lib/thumb/v7e-m+fp/hard/libc.a(lib_a-memcpy.o)
 .debug_abbrev  0x0000000000006599      0x217 /usr/lib/gcc/arm-none-eabi/9.2.1/../../../arm-none-eabi/lib/thumb/v7e-m+fp/hard/libc.a(lib_a-memset.o)
 .debug_abbrev  0x00000000000067b0       0x14 /usr/lib/gcc/arm-none-eabi/9.2.1/../../../arm-none-eabi/lib/thumb/v7e-m+fp/hard/libc.a(lib_a-strcmp.o)
 .debug_abbrev  0x00000000000067c4      0x2b5 /usr/lib/gcc/arm-none-eabi/9.2.1/../../../arm-none-eabi/lib/thumb/v7e-m+fp/hard/libc.a(lib_a-vsnprintf.o)
 .debug_abbrev  0x0000000000006a79      0x415 /usr/lib/gcc/arm-none-eabi/9.2.1/../../../arm-none-eabi/lib/thumb/v7e-m+fp/hard/libc.a(lib_a-svfprintf.o)
 .debug_abbrev  0x0000000000006e8e      0x343 /usr/lib/gcc/arm-none-eabi/9.2.1/../../../arm-none-eabi/lib/thumb/v7e-m+fp/hard/libc.a(lib_a-dtoa.o)
 .debug_abbrev  0x00000000000071d1      0x27d /usr/lib/gcc/arm-none-eabi/9.2.1/../../../arm-none-eabi/lib/thumb/v7e-m+fp/hard/libc.a(lib_a-localeconv.o)
 .debug_abbrev  0x000000000000744e      0x321 /usr/lib/gcc/arm-none-eabi/9.2.1/../../../arm-none-eabi/lib/thumb/v7e-m+fp/hard/libc.a(lib_a-mallocr.o)
 .debug_abbrev  0x000000000000776f       0x14 /usr/lib/gcc/arm-none-eabi/9.2.1/../../../arm-none-eabi/lib/thumb/v7e-m+fp/hard/libc.a(lib_a-memchr.o)
 .debug_abbrev  0x0000000000007783      0x203 /usr/lib/gcc/arm-none-eabi/9.2.1/../../../arm-none-eabi/lib/thumb/v7e-m+fp/hard/libc.a(lib_a-mlock.o)
 .debug_abbrev  0x0000000000007986      0x4b7 /usr/lib/gcc/arm-none-eabi/9.2.1/../../../arm-none-eabi/lib/thumb/v7e-m+fp/hard/libc.a(lib_a-mprec.o)
 .debug_abbrev  0x0000000000007e3d      0x250 /usr/lib/gcc/arm-none-eabi/9.2.1/../../../arm-none-eabi/lib/thumb/v7e-m+fp/hard/libc.a(lib_a-sbrkr.o)
 .debug_abbrev  0x000000000000808d       0x14 /usr/lib/gcc/arm-none-eabi/9.2.1/../../../arm-none-eabi/lib/thumb/v7e-m+fp/hard/libc.a(lib_a-strlen.o)
 .debug_abbrev  0x00000000000080a1      0x352 /usr/lib/gcc/arm-none-eabi/9.2.1/../../../arm-none-eabi/lib/thumb/v7e-m+fp/hard/libc.a(lib_a-svfiprintf.o)
 .debug_abbrev  0x00000000000083f3      0x23d /usr/lib/gcc/arm-none-eabi/9.2.1/../../../arm-none-eabi/lib/thumb/v7e-m+fp/hard/libc.a(lib_a-assert.o)
 .debug_abbrev  0x0000000000008630      0x275 /usr/lib/gcc/arm-none-eabi/9.2.1/../../../arm-none-eabi/lib/thumb/v7e-m+fp/hard/libc.a(lib_a-callocr.o)
 .debug_abbrev  0x00000000000088a5      0x255 /usr/lib/gcc/arm-none-eabi/9.2.1/../../../arm-none-eabi/lib/thumb/v7e-m+fp/hard/libc.a(lib_a-fiprintf.o)
 .debug_abbrev  0x0000000000008afa      0x2c9 /usr/lib/gcc/arm-none-eabi/9.2.1/../../../arm-none-eabi/lib/thumb/v7e-m+fp/hard/libc.a(lib_a-freer.o)
 .debug_abbrev  0x0000000000008dc3      0x2e8 /usr/lib/gcc/arm-none-eabi/9.2.1/../../../arm-none-eabi/lib/thumb/v7e-m+fp/hard/libc.a(lib_a-locale.o)
 .debug_abbrev  0x00000000000090ab      0x25f /usr/lib/gcc/arm-none-eabi/9.2.1/../../../arm-none-eabi/lib/thumb/v7e-m+fp/hard/libc.a(lib_a-mbtowc_r.o)
 .debug_abbrev  0x000000000000930a      0x21c /usr/lib/gcc/arm-none-eabi/9.2.1/../../../arm-none-eabi/lib/thumb/v7e-m+fp/hard/libc.a(lib_a-memmove.o)
 .debug_abbrev  0x0000000000009526      0x2a8 /usr/lib/gcc/arm-none-eabi/9.2.1/../../../arm-none-eabi/lib/thumb/v7e-m+fp/hard/libc.a(lib_a-reallocr.o)
 .debug_abbrev  0x00000000000097ce      0x2ba /usr/lib/gcc/arm-none-eabi/9.2.1/../../../arm-none-eabi/lib/thumb/v7e-m+fp/hard/libc.a(lib_a-reent.o)
 .debug_abbrev  0x0000000000009a88      0x468 /usr/lib/gcc/arm-none-eabi/9.2.1/../../../arm-none-eabi/lib/thumb/v7e-m+fp/hard/libc.a(lib_a-vfiprintf.o)
 .debug_abbrev  0x0000000000009ef0      0x269 /usr/lib/gcc/arm-none-eabi/9.2.1/../../../arm-none-eabi/lib/thumb/v7e-m+fp/hard/libc.a(lib_a-wctomb_r.o)
 .debug_abbrev  0x000000000000a159      0x283 /usr/lib/gcc/arm-none-eabi/9.2.1/../../../arm-none-eabi/lib/thumb/v7e-m+fp/hard/libc.a(lib_a-wsetup.o)
 .debug_abbrev  0x000000000000a3dc      0x20b /usr/lib/gcc/arm-none-eabi/9.2.1/../../../arm-none-eabi/lib/thumb/v7e-m+fp/hard/libc.a(lib_a-abort.o)
 .debug_abbrev  0x000000000000a5e7      0x1b6 /usr/lib/gcc/arm-none-eabi/9.2.1/../../../arm-none-eabi/lib/thumb/v7e-m+fp/hard/libc.a(lib_a-ctype_.o)
 .debug_abbrev  0x000000000000a79d      0x322 /usr/lib/gcc/arm-none-eabi/9.2.1/../../../arm-none-eabi/lib/thumb/v7e-m+fp/hard/libc.a(lib_a-fflush.o)
 .debug_abbrev  0x000000000000aabf      0x425 /usr/lib/gcc/arm-none-eabi/9.2.1/../../../arm-none-eabi/lib/thumb/v7e-m+fp/hard/libc.a(lib_a-findfp.o)
 .debug_abbrev  0x000000000000aee4      0x38c /usr/lib/gcc/arm-none-eabi/9.2.1/../../../arm-none-eabi/lib/thumb/v7e-m+fp/hard/libc.a(lib_a-fputwc.o)
 .debug_abbrev  0x000000000000b270      0x2ae /usr/lib/gcc/arm-none-eabi/9.2.1/../../../arm-none-eabi/lib/thumb/v7e-m+fp/hard/libc.a(lib_a-fvwrite.o)
 .debug_abbrev  0x000000000000b51e      0x24e /usr/lib/gcc/arm-none-eabi/9.2.1/../../../arm-none-eabi/lib/thumb/v7e-m+fp/hard/libc.a(lib_a-fwalk.o)
 .debug_abbrev  0x000000000000b76c      0x334 /usr/lib/gcc/arm-none-eabi/9.2.1/../../../arm-none-eabi/lib/thumb/v7e-m+fp/hard/libc.a(lib_a-makebuf.o)
 .debug_abbrev  0x000000000000baa0      0x36b /usr/lib/gcc/arm-none-eabi/9.2.1/../../../arm-none-eabi/lib/thumb/v7e-m+fp/hard/libc.a(lib_a-signal.o)
 .debug_abbrev  0x000000000000be0b      0x255 /usr/lib/gcc/arm-none-eabi/9.2.1/../../../arm-none-eabi/lib/thumb/v7e-m+fp/hard/libc.a(lib_a-signalr.o)
 .debug_abbrev  0x000000000000c060      0x2ad /usr/lib/gcc/arm-none-eabi/9.2.1/../../../arm-none-eabi/lib/thumb/v7e-m+fp/hard/libc.a(lib_a-stdio.o)
 .debug_abbrev  0x000000000000c30d      0x2c3 /usr/lib/gcc/arm-none-eabi/9.2.1/../../../arm-none-eabi/lib/thumb/v7e-m+fp/hard/libc.a(lib_a-wbuf.o)
 .debug_abbrev  0x000000000000c5d0      0x256 /usr/lib/gcc/arm-none-eabi/9.2.1/../../../arm-none-eabi/lib/thumb/v7e-m+fp/hard/libc.a(lib_a-wcrtomb.o)
 .debug_abbrev  0x000000000000c826      0x22a /usr/lib/gcc/arm-none-eabi/9.2.1/../../../arm-none-eabi/lib/thumb/v7e-m+fp/hard/libc.a(lib_a-writer.o)
 .debug_abbrev  0x000000000000ca50      0x225 /usr/lib/gcc/arm-none-eabi/9.2.1/../../../arm-none-eabi/lib/thumb/v7e-m+fp/hard/libc.a(lib_a-closer.o)
 .debug_abbrev  0x000000000000cc75      0x327 /usr/lib/gcc/arm-none-eabi/9.2.1/../../../arm-none-eabi/lib/thumb/v7e-m+fp/hard/libc.a(lib_a-fclose.o)
 .debug_abbrev  0x000000000000cf9c      0x239 /usr/lib/gcc/arm-none-eabi/9.2.1/../../../arm-none-eabi/lib/thumb/v7e-m+fp/hard/libc.a(lib_a-fstatr.o)
 .debug_abbrev  0x000000000000d1d5      0x225 /usr/lib/gcc/arm-none-eabi/9.2.1/../../../arm-none-eabi/lib/thumb/v7e-m+fp/hard/libc.a(lib_a-isattyr.o)
 .debug_abbrev  0x000000000000d3fa      0x239 /usr/lib/gcc/arm-none-eabi/9.2.1/../../../arm-none-eabi/lib/thumb/v7e-m+fp/hard/libc.a(lib_a-lseekr.o)
 .debug_abbrev  0x000000000000d633      0x225 /usr/lib/gcc/arm-none-eabi/9.2.1/../../../arm-none-eabi/lib/thumb/v7e-m+fp/hard/libc.a(lib_a-readr.o)
 .debug_abbrev  0x000000000000d858       0x14 /usr/lib/gcc/arm-none-eabi/9.2.1/thumb/v7e-m+fp/hard/libgcc.a(_arm_cmpdf2.o)
 .debug_abbrev  0x000000000000d86c       0x14 /usr/lib/gcc/arm-none-eabi/9.2.1/thumb/v7e-m+fp/hard/libgcc.a(_arm_unorddf2.o)
 .debug_abbrev  0x000000000000d880       0x14 /usr/lib/gcc/arm-none-eabi/9.2.1/thumb/v7e-m+fp/hard/libgcc.a(_arm_fixdfsi.o)
 .debug_abbrev  0x000000000000d894       0x14 /usr/lib/gcc/arm-none-eabi/9.2.1/thumb/v7e-m+fp/hard/libgcc.a(_aeabi_uldivmod.o)
 .debug_abbrev  0x000000000000d8a8      0x1c2 /usr/lib/gcc/arm-none-eabi/9.2.1/thumb/v7e-m+fp/hard/libgcc.a(_udivmoddi4.o)
 .debug_abbrev  0x000000000000da6a       0x14 /usr/lib/gcc/arm-none-eabi/9.2.1/thumb/v7e-m+fp/hard/libgcc.a(_dvmd_tls.o)

.debug_loc      0x0000000000000000    0x1c48e
 .debug_loc     0x0000000000000000      0x4bc build/main.o
 .debug_loc     0x00000000000004bc      0xe68 build/sensors/icm42605.o
 .debug_loc     0x0000000000001324      0x1a9 build/sensors/hc05.o
 .debug_loc     0x00000000000014cd      0x369 build/sensors/spl06.o
 .debug_loc     0x0000000000001836      0x12a build/drivers/spi.o
 .debug_loc     0x0000000000001960      0x16f build/drivers/uart5.o
 .debug_loc     0x0000000000001acf      0x620 build/drivers/I2C.o
 .debug_loc     0x00000000000020ef       0x92 build/drivers/timer.o
 .debug_loc     0x0000000000002181      0x743 build/drivers/flash_storage.o
 .debug_loc     0x00000000000028c4      0x1f0 build/syscalls.o
 .debug_loc     0x0000000000002ab4      0xc93 build/estimation/imu.o
 .debug_loc     0x0000000000003747      0x32c build/estimation/filter.o
 .debug_loc     0x0000000000003a73       0xb5 build/estimation/attitude.o
 .debug_loc     0x0000000000003b28      0xc6a build/estimation/quaternion.o
 .debug_loc     0x0000000000004792      0x1ca build/estimation/altitude.o
 .debug_loc     0x000000000000495c       0xd2 /usr/lib/gcc/arm-none-eabi/9.2.1/../../../arm-none-eabi/lib/thumb/v7e-m+fp/hard/libm.a(lib_a-sf_cos.o)
 .debug_loc     0x0000000000004a2e       0x7c /usr/lib/gcc/arm-none-eabi/9.2.1/../../../arm-none-eabi/lib/thumb/v7e-m+fp/hard/libm.a(lib_a-sf_fabs.o)
 .debug_loc     0x0000000000004aaa       0xd2 /usr/lib/gcc/arm-none-eabi/9.2.1/../../../arm-none-eabi/lib/thumb/v7e-m+fp/hard/libm.a(lib_a-sf_sin.o)
 .debug_loc     0x0000000000004b7c       0x7a /usr/lib/gcc/arm-none-eabi/9.2.1/../../../arm-none-eabi/lib/thumb/v7e-m+fp/hard/libm.a(lib_a-wf_asin.o)
 .debug_loc     0x0000000000004bf6       0x50 /usr/lib/gcc/arm-none-eabi/9.2.1/../../../arm-none-eabi/lib/thumb/v7e-m+fp/hard/libm.a(lib_a-wf_atan2.o)
 .debug_loc     0x0000000000004c46      0x11c /usr/lib/gcc/arm-none-eabi/9.2.1/../../../arm-none-eabi/lib/thumb/v7e-m+fp/hard/libm.a(lib_a-wf_pow.o)
 .debug_loc     0x0000000000004d62       0x6c /usr/lib/gcc/arm-none-eabi/9.2.1/../../../arm-none-eabi/lib/thumb/v7e-m+fp/hard/libm.a(lib_a-wf_sqrt.o)
 .debug_loc     0x0000000000004dce      0x2b6 /usr/lib/gcc/arm-none-eabi/9.2.1/../../../arm-none-eabi/lib/thumb/v7e-m+fp/hard/libm.a(lib_a-ef_asin.o)
 .debug_loc     0x0000000000005084      0x6a4 /usr/lib/gcc/arm-none-eabi/9.2.1/../../../arm-none-eabi/lib/thumb/v7e-m+fp/hard/libm.a(lib_a-ef_atan2.o)
 .debug_loc     0x0000000000005728     0x10a3 /usr/lib/gcc/arm-none-eabi/9.2.1/../../../arm-none-eabi/lib/thumb/v7e-m+fp/hard/libm.a(lib_a-ef_pow.o)
 .debug_loc     0x00000000000067cb      0x655 /usr/lib/gcc/arm-none-eabi/9.2.1/../../../arm-none-eabi/lib/thumb/v7e-m+fp/hard/libm.a(lib_a-ef_rem_pio2.o)
 .debug_loc     0x0000000000006e20       0x3e /usr/lib/gcc/arm-none-eabi/9.2.1/../../../arm-none-eabi/lib/thumb/v7e-m+fp/hard/libm.a(lib_a-ef_sqrt.o)
 .debug_loc     0x0000000000006e5e      0x233 /usr/lib/gcc/arm-none-eabi/9.2.1/../../../arm-none-eabi/lib/thumb/v7e-m+fp/hard/libm.a(lib_a-kf_cos.o)
 .debug_loc     0x0000000000007091      0xb2e /usr/lib/gcc/arm-none-eabi/9.2.1/../../../arm-none-eabi/lib/thumb/v7e-m+fp/hard/libm.a(lib_a-kf_rem_pio2.o)
 .debug_loc     0x0000000000007bbf      0x12f /usr/lib/gcc/arm-none-eabi/9.2.1/../../../arm-none-eabi/lib/thumb/v7e-m+fp/hard/libm.a(lib_a-kf_sin.o)
 .debug_loc     0x0000000000007cee      0x211 /usr/lib/gcc/arm-none-eabi/9.2.1/../../../arm-none-eabi/lib/thumb/v7e-m+fp/hard/libm.a(lib_a-sf_atan.o)
 .debug_loc     0x0000000000007eff       0x44 /usr/lib/gcc/arm-none-eabi/9.2.1/../../../arm-none-eabi/lib/thumb/v7e-m+fp/hard/libm.a(lib_a-sf_finite.o)
 .debug_loc     0x0000000000007f43      0x256 /usr/lib/gcc/arm-none-eabi/9.2.1/../../../arm-none-eabi/lib/thumb/v7e-m+fp/hard/libm.a(lib_a-sf_floor.o)
 .debug_loc     0x0000000000008199      0x3e9 /usr/lib/gcc/arm-none-eabi/9.2.1/../../../arm-none-eabi/lib/thumb/v7e-m+fp/hard/libm.a(lib_a-sf_rint.o)
 .debug_loc     0x0000000000008582      0x3b0 /usr/lib/gcc/arm-none-eabi/9.2.1/../../../arm-none-eabi/lib/thumb/v7e-m+fp/hard/libm.a(lib_a-sf_scalbn.o)
 .debug_loc     0x0000000000008932      0x231 /usr/lib/gcc/arm-none-eabi/9.2.1/../../../arm-none-eabi/lib/thumb/v7e-m+fp/hard/libc.a(lib_a-memset.o)
 .debug_loc     0x0000000000008b63      0x245 /usr/lib/gcc/arm-none-eabi/9.2.1/../../../arm-none-eabi/lib/thumb/v7e-m+fp/hard/libc.a(lib_a-vsnprintf.o)
 .debug_loc     0x0000000000008da8     0x33c5 /usr/lib/gcc/arm-none-eabi/9.2.1/../../../arm-none-eabi/lib/thumb/v7e-m+fp/hard/libc.a(lib_a-svfprintf.o)
 .debug_loc     0x000000000000c16d     0x305a /usr/lib/gcc/arm-none-eabi/9.2.1/../../../arm-none-eabi/lib/thumb/v7e-m+fp/hard/libc.a(lib_a-dtoa.o)
 .debug_loc     0x000000000000f1c7       0x6f /usr/lib/gcc/arm-none-eabi/9.2.1/../../../arm-none-eabi/lib/thumb/v7e-m+fp/hard/libc.a(lib_a-localeconv.o)
 .debug_loc     0x000000000000f236      0xf44 /usr/lib/gcc/arm-none-eabi/9.2.1/../../../arm-none-eabi/lib/thumb/v7e-m+fp/hard/libc.a(lib_a-mallocr.o)
 .debug_loc     0x000000000001017a     0x234e /usr/lib/gcc/arm-none-eabi/9.2.1/../../../arm-none-eabi/lib/thumb/v7e-m+fp/hard/libc.a(lib_a-mprec.o)
 .debug_loc     0x00000000000124c8       0x6c /usr/lib/gcc/arm-none-eabi/9.2.1/../../../arm-none-eabi/lib/thumb/v7e-m+fp/hard/libc.a(lib_a-sbrkr.o)
 .debug_loc     0x0000000000012534     0x1923 /usr/lib/gcc/arm-none-eabi/9.2.1/../../../arm-none-eabi/lib/thumb/v7e-m+fp/hard/libc.a(lib_a-svfiprintf.o)
 .debug_loc     0x0000000000013e57      0x15c /usr/lib/gcc/arm-none-eabi/9.2.1/../../../arm-none-eabi/lib/thumb/v7e-m+fp/hard/libc.a(lib_a-assert.o)
 .debug_loc     0x0000000000013fb3      0x2d6 /usr/lib/gcc/arm-none-eabi/9.2.1/../../../arm-none-eabi/lib/thumb/v7e-m+fp/hard/libc.a(lib_a-callocr.o)
 .debug_loc     0x0000000000014289       0xa6 /usr/lib/gcc/arm-none-eabi/9.2.1/../../../arm-none-eabi/lib/thumb/v7e-m+fp/hard/libc.a(lib_a-fiprintf.o)
 .debug_loc     0x000000000001432f      0x6f8 /usr/lib/gcc/arm-none-eabi/9.2.1/../../../arm-none-eabi/lib/thumb/v7e-m+fp/hard/libc.a(lib_a-freer.o)
 .debug_loc     0x0000000000014a27      0x189 /usr/lib/gcc/arm-none-eabi/9.2.1/../../../arm-none-eabi/lib/thumb/v7e-m+fp/hard/libc.a(lib_a-locale.o)
 .debug_loc     0x0000000000014bb0      0x21d /usr/lib/gcc/arm-none-eabi/9.2.1/../../../arm-none-eabi/lib/thumb/v7e-m+fp/hard/libc.a(lib_a-mbtowc_r.o)
 .debug_loc     0x0000000000014dcd      0x2f1 /usr/lib/gcc/arm-none-eabi/9.2.1/../../../arm-none-eabi/lib/thumb/v7e-m+fp/hard/libc.a(lib_a-memmove.o)
 .debug_loc     0x00000000000150be     0x12c8 /usr/lib/gcc/arm-none-eabi/9.2.1/../../../arm-none-eabi/lib/thumb/v7e-m+fp/hard/libc.a(lib_a-reallocr.o)
 .debug_loc     0x0000000000016386      0x152 /usr/lib/gcc/arm-none-eabi/9.2.1/../../../arm-none-eabi/lib/thumb/v7e-m+fp/hard/libc.a(lib_a-reent.o)
 .debug_loc     0x00000000000164d8     0x25f3 /usr/lib/gcc/arm-none-eabi/9.2.1/../../../arm-none-eabi/lib/thumb/v7e-m+fp/hard/libc.a(lib_a-vfiprintf.o)
 .debug_loc     0x0000000000018acb      0x13a /usr/lib/gcc/arm-none-eabi/9.2.1/../../../arm-none-eabi/lib/thumb/v7e-m+fp/hard/libc.a(lib_a-wctomb_r.o)
 .debug_loc     0x0000000000018c05       0xba /usr/lib/gcc/arm-none-eabi/9.2.1/../../../arm-none-eabi/lib/thumb/v7e-m+fp/hard/libc.a(lib_a-wsetup.o)
 .debug_loc     0x0000000000018cbf      0x334 /usr/lib/gcc/arm-none-eabi/9.2.1/../../../arm-none-eabi/lib/thumb/v7e-m+fp/hard/libc.a(lib_a-fflush.o)
 .debug_loc     0x0000000000018ff3      0x32c /usr/lib/gcc/arm-none-eabi/9.2.1/../../../arm-none-eabi/lib/thumb/v7e-m+fp/hard/libc.a(lib_a-findfp.o)
 .debug_loc     0x000000000001931f      0x3cc /usr/lib/gcc/arm-none-eabi/9.2.1/../../../arm-none-eabi/lib/thumb/v7e-m+fp/hard/libc.a(lib_a-fputwc.o)
 .debug_loc     0x00000000000196eb      0x669 /usr/lib/gcc/arm-none-eabi/9.2.1/../../../arm-none-eabi/lib/thumb/v7e-m+fp/hard/libc.a(lib_a-fvwrite.o)
 .debug_loc     0x0000000000019d54      0x24f /usr/lib/gcc/arm-none-eabi/9.2.1/../../../arm-none-eabi/lib/thumb/v7e-m+fp/hard/libc.a(lib_a-fwalk.o)
 .debug_loc     0x0000000000019fa3      0x192 /usr/lib/gcc/arm-none-eabi/9.2.1/../../../arm-none-eabi/lib/thumb/v7e-m+fp/hard/libc.a(lib_a-makebuf.o)
 .debug_loc     0x000000000001a135      0x560 /usr/lib/gcc/arm-none-eabi/9.2.1/../../../arm-none-eabi/lib/thumb/v7e-m+fp/hard/libc.a(lib_a-signal.o)
 .debug_loc     0x000000000001a695       0xd0 /usr/lib/gcc/arm-none-eabi/9.2.1/../../../arm-none-eabi/lib/thumb/v7e-m+fp/hard/libc.a(lib_a-signalr.o)
 .debug_loc     0x000000000001a765      0x393 /usr/lib/gcc/arm-none-eabi/9.2.1/../../../arm-none-eabi/lib/thumb/v7e-m+fp/hard/libc.a(lib_a-stdio.o)
 .debug_loc     0x000000000001aaf8      0x1b0 /usr/lib/gcc/arm-none-eabi/9.2.1/../../../arm-none-eabi/lib/thumb/v7e-m+fp/hard/libc.a(lib_a-wbuf.o)
 .debug_loc     0x000000000001aca8      0x2b1 /usr/lib/gcc/arm-none-eabi/9.2.1/../../../arm-none-eabi/lib/thumb/v7e-m+fp/hard/libc.a(lib_a-wcrtomb.o)
 .debug_loc     0x000000000001af59       0xdd /usr/lib/gcc/arm-none-eabi/9.2.1/../../../arm-none-eabi/lib/thumb/v7e-m+fp/hard/libc.a(lib_a-writer.o)
 .debug_loc     0x000000000001b036       0x6c /usr/lib/gcc/arm-none-eabi/9.2.1/../../../arm-none-eabi/lib/thumb/v7e-m+fp/hard/libc.a(lib_a-closer.o)
 .debug_loc     0x000000000001b0a2      0x179 /usr/lib/gcc/arm-none-eabi/9.2.1/../../../arm-none-eabi/lib/thumb/v7e-m+fp/hard/libc.a(lib_a-fclose.o)
 .debug_loc     0x000000000001b21b       0xab /usr/lib/gcc/arm-none-eabi/9.2.1/../../../arm-none-eabi/lib/thumb/v7e-m+fp/hard/libc.a(lib_a-fstatr.o)
 .debug_loc     0x000000000001b2c6       0x6c /usr/lib/gcc/arm-none-eabi/9.2.1/../../../arm-none-eabi/lib/thumb/v7e-m+fp/hard/libc.a(lib_a-isattyr.o)
 .debug_loc     0x000000000001b332       0xdd /usr/lib/gcc/arm-none-eabi/9.2.1/../../../arm-none-eabi/lib/thumb/v7e-m+fp/hard/libc.a(lib_a-lseekr.o)
 .debug_loc     0x000000000001b40f       0xdd /usr/lib/gcc/arm-none-eabi/9.2.1/../../../arm-none-eabi/lib/thumb/v7e-m+fp/hard/libc.a(lib_a-readr.o)
 .debug_loc     0x000000000001b4ec      0xfa2 /usr/lib/gcc/arm-none-eabi/9.2.1/thumb/v7e-m+fp/hard/libgcc.a(_udivmoddi4.o)

.debug_aranges  0x0000000000000000      0xe68
 .debug_aranges
                0x0000000000000000       0x58 build/main.o
 .debug_aranges
                0x0000000000000058       0xa8 build/sensors/icm42605.o
 .debug_aranges
                0x0000000000000100       0x58 build/sensors/hc05.o
 .debug_aranges
                0x0000000000000158       0x30 build/sensors/spl06.o
 .debug_aranges
                0x0000000000000188       0x48 build/drivers/spi.o
 .debug_aranges
                0x00000000000001d0       0x60 build/drivers/uart5.o
 .debug_aranges
                0x0000000000000230       0x40 build/drivers/I2C.o
 .debug_aranges
                0x0000000000000270       0x30 build/drivers/timer.o
 .debug_aranges
                0x00000000000002a0       0x48 build/drivers/flash_storage.o
 .debug_aranges
                0x00000000000002e8       0x68 build/syscalls.o
 .debug_aranges
                0x0000000000000350       0x40 build/estimation/imu.o
 .debug_aranges
                0x0000000000000390       0x48 build/estimation/filter.o
 .debug_aranges
                0x00000000000003d8       0x40 build/estimation/attitude.o
 .debug_aranges
                0x0000000000000418       0x40 build/estimation/quaternion.o
 .debug_aranges
                0x0000000000000458       0x48 build/estimation/altitude.o
 .debug_aranges
                0x00000000000004a0       0x20 /usr/lib/gcc/arm-none-eabi/9.2.1/../../../arm-none-eabi/lib/thumb/v7e-m+fp/hard/libm.a(lib_a-sf_cos.o)
 .debug_aranges
                0x00000000000004c0       0x20 /usr/lib/gcc/arm-none-eabi/9.2.1/../../../arm-none-eabi/lib/thumb/v7e-m+fp/hard/libm.a(lib_a-sf_fabs.o)
 .debug_aranges
                0x00000000000004e0       0x20 /usr/lib/gcc/arm-none-eabi/9.2.1/../../../arm-none-eabi/lib/thumb/v7e-m+fp/hard/libm.a(lib_a-sf_sin.o)
 .debug_aranges
                0x0000000000000500       0x20 /usr/lib/gcc/arm-none-eabi/9.2.1/../../../arm-none-eabi/lib/thumb/v7e-m+fp/hard/libm.a(lib_a-wf_asin.o)
 .debug_aranges
                0x0000000000000520       0x20 /usr/lib/gcc/arm-none-eabi/9.2.1/../../../arm-none-eabi/lib/thumb/v7e-m+fp/hard/libm.a(lib_a-wf_atan2.o)
 .debug_aranges
                0x0000000000000540       0x20 /usr/lib/gcc/arm-none-eabi/9.2.1/../../../arm-none-eabi/lib/thumb/v7e-m+fp/hard/libm.a(lib_a-wf_pow.o)
 .debug_aranges
                0x0000000000000560       0x20 /usr/lib/gcc/arm-none-eabi/9.2.1/../../../arm-none-eabi/lib/thumb/v7e-m+fp/hard/libm.a(lib_a-wf_sqrt.o)
 .debug_aranges
                0x0000000000000580       0x20 /usr/lib/gcc/arm-none-eabi/9.2.1/../../../arm-none-eabi/lib/thumb/v7e-m+fp/hard/libm.a(lib_a-ef_asin.o)
 .debug_aranges
                0x00000000000005a0       0x20 /usr/lib/gcc/arm-none-eabi/9.2.1/../../../arm-none-eabi/lib/thumb/v7e-m+fp/hard/libm.a(lib_a-ef_atan2.o)
 .debug_aranges
                0x00000000000005c0       0x20 /usr/lib/gcc/arm-none-eabi/9.2.1/../../../arm-none-eabi/lib/thumb/v7e-m+fp/hard/libm.a(lib_a-ef_pow.o)
 .debug_aranges
                0x00000000000005e0       0x20 /usr/lib/gcc/arm-none-eabi/9.2.1/../../../arm-none-eabi/lib/thumb/v7e-m+fp/hard/libm.a(lib_a-ef_rem_pio2.o)
 .debug_aranges
                0x0000000000000600       0x20 /usr/lib/gcc/arm-none-eabi/9.2.1/../../../arm-none-eabi/lib/thumb/v7e-m+fp/hard/libm.a(lib_a-ef_sqrt.o)
 .debug_aranges
                0x0000000000000620       0x20 /usr/lib/gcc/arm-none-eabi/9.2.1/../../../arm-none-eabi/lib/thumb/v7e-m+fp/hard/libm.a(lib_a-kf_cos.o)
 .debug_aranges
                0x0000000000000640       0x20 /usr/lib/gcc/arm-none-eabi/9.2.1/../../../arm-none-eabi/lib/thumb/v7e-m+fp/hard/libm.a(lib_a-kf_rem_pio2.o)
 .debug_aranges
                0x0000000000000660       0x20 /usr/lib/gcc/arm-none-eabi/9.2.1/../../../arm-none-eabi/lib/thumb/v7e-m+fp/hard/libm.a(lib_a-kf_sin.o)
 .debug_aranges
                0x0000000000000680       0x18 /usr/lib/gcc/arm-none-eabi/9.2.1/../../../arm-none-eabi/lib/thumb/v7e-m+fp/hard/libm.a(lib_a-s_lib_ver.o)
 .debug_aranges
                0x0000000000000698       0x20 /usr/lib/gcc/arm-none-eabi/9.2.1/../../../arm-none-eabi/lib/thumb/v7e-m+fp/hard/libm.a(lib_a-sf_atan.o)
 .debug_aranges
                0x00000000000006b8       0x20 /usr/lib/gcc/arm-none-eabi/9.2.1/../../../arm-none-eabi/lib/thumb/v7e-m+fp/hard/libm.a(lib_a-sf_finite.o)
 .debug_aranges
                0x00000000000006d8       0x20 /usr/lib/gcc/arm-none-eabi/9.2.1/../../../arm-none-eabi/lib/thumb/v7e-m+fp/hard/libm.a(lib_a-sf_floor.o)
 .debug_aranges
                0x00000000000006f8       0x20 /usr/lib/gcc/arm-none-eabi/9.2.1/../../../arm-none-eabi/lib/thumb/v7e-m+fp/hard/libm.a(lib_a-sf_nan.o)
 .debug_aranges
                0x0000000000000718       0x20 /usr/lib/gcc/arm-none-eabi/9.2.1/../../../arm-none-eabi/lib/thumb/v7e-m+fp/hard/libm.a(lib_a-sf_rint.o)
 .debug_aranges
                0x0000000000000738       0x20 /usr/lib/gcc/arm-none-eabi/9.2.1/../../../arm-none-eabi/lib/thumb/v7e-m+fp/hard/libm.a(lib_a-sf_scalbn.o)
 .debug_aranges
                0x0000000000000758       0x20 /usr/lib/gcc/arm-none-eabi/9.2.1/thumb/v7e-m+fp/hard/libgcc.a(_arm_addsubdf3.o)
 .debug_aranges
                0x0000000000000778       0x20 /usr/lib/gcc/arm-none-eabi/9.2.1/thumb/v7e-m+fp/hard/libgcc.a(_arm_muldivdf3.o)
 .debug_aranges
                0x0000000000000798       0x20 /usr/lib/gcc/arm-none-eabi/9.2.1/thumb/v7e-m+fp/hard/libgcc.a(_arm_truncdfsf2.o)
 .debug_aranges
                0x00000000000007b8       0x20 /usr/lib/gcc/arm-none-eabi/9.2.1/../../../arm-none-eabi/lib/thumb/v7e-m+fp/hard/libc.a(lib_a-errno.o)
 .debug_aranges
                0x00000000000007d8       0x18 /usr/lib/gcc/arm-none-eabi/9.2.1/../../../arm-none-eabi/lib/thumb/v7e-m+fp/hard/libc.a(lib_a-impure.o)
 .debug_aranges
                0x00000000000007f0       0x20 /usr/lib/gcc/arm-none-eabi/9.2.1/../../../arm-none-eabi/lib/thumb/v7e-m+fp/hard/libc.a(lib_a-memcpy.o)
 .debug_aranges
                0x0000000000000810       0x20 /usr/lib/gcc/arm-none-eabi/9.2.1/../../../arm-none-eabi/lib/thumb/v7e-m+fp/hard/libc.a(lib_a-memset.o)
 .debug_aranges
                0x0000000000000830       0x20 /usr/lib/gcc/arm-none-eabi/9.2.1/../../../arm-none-eabi/lib/thumb/v7e-m+fp/hard/libc.a(lib_a-strcmp.o)
 .debug_aranges
                0x0000000000000850       0x20 /usr/lib/gcc/arm-none-eabi/9.2.1/../../../arm-none-eabi/lib/thumb/v7e-m+fp/hard/libc.a(lib_a-vsnprintf.o)
 .debug_aranges
                0x0000000000000870       0x20 /usr/lib/gcc/arm-none-eabi/9.2.1/../../../arm-none-eabi/lib/thumb/v7e-m+fp/hard/libc.a(lib_a-svfprintf.o)
 .debug_aranges
                0x0000000000000890       0x20 /usr/lib/gcc/arm-none-eabi/9.2.1/../../../arm-none-eabi/lib/thumb/v7e-m+fp/hard/libc.a(lib_a-dtoa.o)
 .debug_aranges
                0x00000000000008b0       0x20 /usr/lib/gcc/arm-none-eabi/9.2.1/../../../arm-none-eabi/lib/thumb/v7e-m+fp/hard/libc.a(lib_a-localeconv.o)
 .debug_aranges
                0x00000000000008d0       0x20 /usr/lib/gcc/arm-none-eabi/9.2.1/../../../arm-none-eabi/lib/thumb/v7e-m+fp/hard/libc.a(lib_a-mallocr.o)
 .debug_aranges
                0x00000000000008f0       0x20 /usr/lib/gcc/arm-none-eabi/9.2.1/../../../arm-none-eabi/lib/thumb/v7e-m+fp/hard/libc.a(lib_a-memchr.o)
 .debug_aranges
                0x0000000000000910       0x20 /usr/lib/gcc/arm-none-eabi/9.2.1/../../../arm-none-eabi/lib/thumb/v7e-m+fp/hard/libc.a(lib_a-mlock.o)
 .debug_aranges
                0x0000000000000930       0x20 /usr/lib/gcc/arm-none-eabi/9.2.1/../../../arm-none-eabi/lib/thumb/v7e-m+fp/hard/libc.a(lib_a-mprec.o)
 .debug_aranges
                0x0000000000000950       0x20 /usr/lib/gcc/arm-none-eabi/9.2.1/../../../arm-none-eabi/lib/thumb/v7e-m+fp/hard/libc.a(lib_a-sbrkr.o)
 .debug_aranges
                0x0000000000000970       0x20 /usr/lib/gcc/arm-none-eabi/9.2.1/../../../arm-none-eabi/lib/thumb/v7e-m+fp/hard/libc.a(lib_a-strlen.o)
 .debug_aranges
                0x0000000000000990       0x20 /usr/lib/gcc/arm-none-eabi/9.2.1/../../../arm-none-eabi/lib/thumb/v7e-m+fp/hard/libc.a(lib_a-svfiprintf.o)
 .debug_aranges
                0x00000000000009b0       0x20 /usr/lib/gcc/arm-none-eabi/9.2.1/../../../arm-none-eabi/lib/thumb/v7e-m+fp/hard/libc.a(lib_a-assert.o)
 .debug_aranges
                0x00000000000009d0       0x20 /usr/lib/gcc/arm-none-eabi/9.2.1/../../../arm-none-eabi/lib/thumb/v7e-m+fp/hard/libc.a(lib_a-callocr.o)
 .debug_aranges
                0x00000000000009f0       0x20 /usr/lib/gcc/arm-none-eabi/9.2.1/../../../arm-none-eabi/lib/thumb/v7e-m+fp/hard/libc.a(lib_a-fiprintf.o)
 .debug_aranges
                0x0000000000000a10       0x20 /usr/lib/gcc/arm-none-eabi/9.2.1/../../../arm-none-eabi/lib/thumb/v7e-m+fp/hard/libc.a(lib_a-freer.o)
 .debug_aranges
                0x0000000000000a30       0x20 /usr/lib/gcc/arm-none-eabi/9.2.1/../../../arm-none-eabi/lib/thumb/v7e-m+fp/hard/libc.a(lib_a-locale.o)
 .debug_aranges
                0x0000000000000a50       0x20 /usr/lib/gcc/arm-none-eabi/9.2.1/../../../arm-none-eabi/lib/thumb/v7e-m+fp/hard/libc.a(lib_a-mbtowc_r.o)
 .debug_aranges
                0x0000000000000a70       0x20 /usr/lib/gcc/arm-none-eabi/9.2.1/../../../arm-none-eabi/lib/thumb/v7e-m+fp/hard/libc.a(lib_a-memmove.o)
 .debug_aranges
                0x0000000000000a90       0x20 /usr/lib/gcc/arm-none-eabi/9.2.1/../../../arm-none-eabi/lib/thumb/v7e-m+fp/hard/libc.a(lib_a-reallocr.o)
 .debug_aranges
                0x0000000000000ab0       0x20 /usr/lib/gcc/arm-none-eabi/9.2.1/../../../arm-none-eabi/lib/thumb/v7e-m+fp/hard/libc.a(lib_a-reent.o)
 .debug_aranges
                0x0000000000000ad0       0x20 /usr/lib/gcc/arm-none-eabi/9.2.1/../../../arm-none-eabi/lib/thumb/v7e-m+fp/hard/libc.a(lib_a-vfiprintf.o)
 .debug_aranges
                0x0000000000000af0       0x20 /usr/lib/gcc/arm-none-eabi/9.2.1/../../../arm-none-eabi/lib/thumb/v7e-m+fp/hard/libc.a(lib_a-wctomb_r.o)
 .debug_aranges
                0x0000000000000b10       0x20 /usr/lib/gcc/arm-none-eabi/9.2.1/../../../arm-none-eabi/lib/thumb/v7e-m+fp/hard/libc.a(lib_a-wsetup.o)
 .debug_aranges
                0x0000000000000b30       0x20 /usr/lib/gcc/arm-none-eabi/9.2.1/../../../arm-none-eabi/lib/thumb/v7e-m+fp/hard/libc.a(lib_a-abort.o)
 .debug_aranges
                0x0000000000000b50       0x18 /usr/lib/gcc/arm-none-eabi/9.2.1/../../../arm-none-eabi/lib/thumb/v7e-m+fp/hard/libc.a(lib_a-ctype_.o)
 .debug_aranges
                0x0000000000000b68       0x20 /usr/lib/gcc/arm-none-eabi/9.2.1/../../../arm-none-eabi/lib/thumb/v7e-m+fp/hard/libc.a(lib_a-fflush.o)
 .debug_aranges
                0x0000000000000b88       0x20 /usr/lib/gcc/arm-none-eabi/9.2.1/../../../arm-none-eabi/lib/thumb/v7e-m+fp/hard/libc.a(lib_a-findfp.o)
 .debug_aranges
                0x0000000000000ba8       0x20 /usr/lib/gcc/arm-none-eabi/9.2.1/../../../arm-none-eabi/lib/thumb/v7e-m+fp/hard/libc.a(lib_a-fputwc.o)
 .debug_aranges
                0x0000000000000bc8       0x20 /usr/lib/gcc/arm-none-eabi/9.2.1/../../../arm-none-eabi/lib/thumb/v7e-m+fp/hard/libc.a(lib_a-fvwrite.o)
 .debug_aranges
                0x0000000000000be8       0x20 /usr/lib/gcc/arm-none-eabi/9.2.1/../../../arm-none-eabi/lib/thumb/v7e-m+fp/hard/libc.a(lib_a-fwalk.o)
 .debug_aranges
                0x0000000000000c08       0x20 /usr/lib/gcc/arm-none-eabi/9.2.1/../../../arm-none-eabi/lib/thumb/v7e-m+fp/hard/libc.a(lib_a-makebuf.o)
 .debug_aranges
                0x0000000000000c28       0x20 /usr/lib/gcc/arm-none-eabi/9.2.1/../../../arm-none-eabi/lib/thumb/v7e-m+fp/hard/libc.a(lib_a-signal.o)
 .debug_aranges
                0x0000000000000c48       0x20 /usr/lib/gcc/arm-none-eabi/9.2.1/../../../arm-none-eabi/lib/thumb/v7e-m+fp/hard/libc.a(lib_a-signalr.o)
 .debug_aranges
                0x0000000000000c68       0x20 /usr/lib/gcc/arm-none-eabi/9.2.1/../../../arm-none-eabi/lib/thumb/v7e-m+fp/hard/libc.a(lib_a-stdio.o)
 .debug_aranges
                0x0000000000000c88       0x20 /usr/lib/gcc/arm-none-eabi/9.2.1/../../../arm-none-eabi/lib/thumb/v7e-m+fp/hard/libc.a(lib_a-wbuf.o)
 .debug_aranges
                0x0000000000000ca8       0x20 /usr/lib/gcc/arm-none-eabi/9.2.1/../../../arm-none-eabi/lib/thumb/v7e-m+fp/hard/libc.a(lib_a-wcrtomb.o)
 .debug_aranges